Archive member included to satisfy reference by file (symbol)

d:/ung dung/stm32cubeide_1.7.0/stm32cubeide/plugins/com.st.stm32cube.ide.mcu.externaltools.gnu-tools-for-stm32.9-2020-q2-update.win32_2.0.0.202105311346/tools/bin/../lib/gcc/arm-none-eabi/9.3.1/../../../../arm-none-eabi/lib/thumb/v7-m/nofp\libc_nano.a(lib_a-errno.o)
                              ./Core/Src/syscalls.o (__errno)
d:/ung dung/stm32cubeide_1.7.0/stm32cubeide/plugins/com.st.stm32cube.ide.mcu.externaltools.gnu-tools-for-stm32.9-2020-q2-update.win32_2.0.0.202105311346/tools/bin/../lib/gcc/arm-none-eabi/9.3.1/../../../../arm-none-eabi/lib/thumb/v7-m/nofp\libc_nano.a(lib_a-exit.o)
                              d:/ung dung/stm32cubeide_1.7.0/stm32cubeide/plugins/com.st.stm32cube.ide.mcu.externaltools.gnu-tools-for-stm32.9-2020-q2-update.win32_2.0.0.202105311346/tools/bin/../lib/gcc/arm-none-eabi/9.3.1/../../../../arm-none-eabi/lib/thumb/v7-m/nofp/crt0.o (exit)
d:/ung dung/stm32cubeide_1.7.0/stm32cubeide/plugins/com.st.stm32cube.ide.mcu.externaltools.gnu-tools-for-stm32.9-2020-q2-update.win32_2.0.0.202105311346/tools/bin/../lib/gcc/arm-none-eabi/9.3.1/../../../../arm-none-eabi/lib/thumb/v7-m/nofp\libc_nano.a(lib_a-impure.o)
                              d:/ung dung/stm32cubeide_1.7.0/stm32cubeide/plugins/com.st.stm32cube.ide.mcu.externaltools.gnu-tools-for-stm32.9-2020-q2-update.win32_2.0.0.202105311346/tools/bin/../lib/gcc/arm-none-eabi/9.3.1/../../../../arm-none-eabi/lib/thumb/v7-m/nofp\libc_nano.a(lib_a-exit.o) (_global_impure_ptr)
d:/ung dung/stm32cubeide_1.7.0/stm32cubeide/plugins/com.st.stm32cube.ide.mcu.externaltools.gnu-tools-for-stm32.9-2020-q2-update.win32_2.0.0.202105311346/tools/bin/../lib/gcc/arm-none-eabi/9.3.1/../../../../arm-none-eabi/lib/thumb/v7-m/nofp\libc_nano.a(lib_a-init.o)
                              d:/ung dung/stm32cubeide_1.7.0/stm32cubeide/plugins/com.st.stm32cube.ide.mcu.externaltools.gnu-tools-for-stm32.9-2020-q2-update.win32_2.0.0.202105311346/tools/bin/../lib/gcc/arm-none-eabi/9.3.1/../../../../arm-none-eabi/lib/thumb/v7-m/nofp/crt0.o (__libc_init_array)
d:/ung dung/stm32cubeide_1.7.0/stm32cubeide/plugins/com.st.stm32cube.ide.mcu.externaltools.gnu-tools-for-stm32.9-2020-q2-update.win32_2.0.0.202105311346/tools/bin/../lib/gcc/arm-none-eabi/9.3.1/../../../../arm-none-eabi/lib/thumb/v7-m/nofp\libc_nano.a(lib_a-memcpy-stub.o)
                              ./Core/Src/main.o (memcpy)
d:/ung dung/stm32cubeide_1.7.0/stm32cubeide/plugins/com.st.stm32cube.ide.mcu.externaltools.gnu-tools-for-stm32.9-2020-q2-update.win32_2.0.0.202105311346/tools/bin/../lib/gcc/arm-none-eabi/9.3.1/../../../../arm-none-eabi/lib/thumb/v7-m/nofp\libc_nano.a(lib_a-memset.o)
                              d:/ung dung/stm32cubeide_1.7.0/stm32cubeide/plugins/com.st.stm32cube.ide.mcu.externaltools.gnu-tools-for-stm32.9-2020-q2-update.win32_2.0.0.202105311346/tools/bin/../lib/gcc/arm-none-eabi/9.3.1/../../../../arm-none-eabi/lib/thumb/v7-m/nofp/crt0.o (memset)
d:/ung dung/stm32cubeide_1.7.0/stm32cubeide/plugins/com.st.stm32cube.ide.mcu.externaltools.gnu-tools-for-stm32.9-2020-q2-update.win32_2.0.0.202105311346/tools/bin/../lib/gcc/arm-none-eabi/9.3.1/../../../../arm-none-eabi/lib/thumb/v7-m/nofp\libc_nano.a(lib_a-sprintf.o)
                              ./Core/Src/uart_communication.o (sprintf)
d:/ung dung/stm32cubeide_1.7.0/stm32cubeide/plugins/com.st.stm32cube.ide.mcu.externaltools.gnu-tools-for-stm32.9-2020-q2-update.win32_2.0.0.202105311346/tools/bin/../lib/gcc/arm-none-eabi/9.3.1/../../../../arm-none-eabi/lib/thumb/v7-m/nofp\libc_nano.a(lib_a-strcmp.o)
                              ./Core/Src/uart_communication.o (strcmp)
d:/ung dung/stm32cubeide_1.7.0/stm32cubeide/plugins/com.st.stm32cube.ide.mcu.externaltools.gnu-tools-for-stm32.9-2020-q2-update.win32_2.0.0.202105311346/tools/bin/../lib/gcc/arm-none-eabi/9.3.1/../../../../arm-none-eabi/lib/thumb/v7-m/nofp\libc_nano.a(lib_a-nano-svfprintf.o)
                              d:/ung dung/stm32cubeide_1.7.0/stm32cubeide/plugins/com.st.stm32cube.ide.mcu.externaltools.gnu-tools-for-stm32.9-2020-q2-update.win32_2.0.0.202105311346/tools/bin/../lib/gcc/arm-none-eabi/9.3.1/../../../../arm-none-eabi/lib/thumb/v7-m/nofp\libc_nano.a(lib_a-sprintf.o) (_svfprintf_r)
d:/ung dung/stm32cubeide_1.7.0/stm32cubeide/plugins/com.st.stm32cube.ide.mcu.externaltools.gnu-tools-for-stm32.9-2020-q2-update.win32_2.0.0.202105311346/tools/bin/../lib/gcc/arm-none-eabi/9.3.1/../../../../arm-none-eabi/lib/thumb/v7-m/nofp\libc_nano.a(lib_a-nano-vfprintf_i.o)
                              d:/ung dung/stm32cubeide_1.7.0/stm32cubeide/plugins/com.st.stm32cube.ide.mcu.externaltools.gnu-tools-for-stm32.9-2020-q2-update.win32_2.0.0.202105311346/tools/bin/../lib/gcc/arm-none-eabi/9.3.1/../../../../arm-none-eabi/lib/thumb/v7-m/nofp\libc_nano.a(lib_a-nano-svfprintf.o) (_printf_i)
[...]
Memory Configuration

Name             Origin             Length             Attributes
RAM              0x0000000020000000 0x0000000000002800 xrw
FLASH            0x0000000008000000 0x0000000000008000 xr
*default*        0x0000000000000000 0xffffffffffffffff

Linker script and memory map

LOAD d:/ung dung/stm32cubeide_1.7.0/stm32cubeide/plugins/com.st.stm32cube.ide.mcu.externaltools.gnu-tools-for-stm32.9-2020-q2-update.win32_2.0.0.202105311346/tools/bin/../lib/gcc/arm-none-eabi/9.3.1/thumb/v7-m/nofp/crti.o
LOAD d:/ung dung/stm32cubeide_1.7.0/stm32cubeide/plugins/com.st.stm32cube.ide.mcu.externaltools.gnu-tools-for-stm32.9-2020-q2-update.win32_2.0.0.202105311346/tools/bin/../lib/gcc/arm-none-eabi/9.3.1/thumb/v7-m/nofp/crtbegin.o
LOAD d:/ung dung/stm32cubeide_1.7.0/stm32cubeide/plugins/com.st.stm32cube.ide.mcu.externaltools.gnu-tools-for-stm32.9-2020-q2-update.win32_2.0.0.202105311346/tools/bin/../lib/gcc/arm-none-eabi/9.3.1/../../../../arm-none-eabi/lib/thumb/v7-m/nofp/crt0.o
LOAD ./Core/Src/command_parser.o
LOAD ./Core/Src/global.o
LOAD ./Core/Src/main.o
LOAD ./Core/Src/software_timer.o
LOAD ./Core/Src/stm32f1xx_hal_msp.o
LOAD ./Core/Src/stm32f1xx_it.o
LOAD ./Core/Src/syscalls.o
LOAD ./Core/Src/sysmem.o
LOAD ./Core/Src/system_stm32f1xx.o
LOAD ./Core/Src/uart_communication.o
LOAD ./Core/Startup/startup_stm32f103c6ux.o
LOAD ./Drivers/STM32F1xx_HAL_Driver/Src/stm32f1xx_hal.o
LOAD ./Drivers/STM32F1xx_HAL_Driver/Src/stm32f1xx_hal_adc.o
LOAD ./Drivers/STM32F1xx_HAL_Driver/Src/stm32f1xx_hal_adc_ex.o
LOAD ./Drivers/STM32F1xx_HAL_Driver/Src/stm32f1xx_hal_cortex.o
LOAD ./Drivers/STM32F1xx_HAL_Driver/Src/stm32f1xx_hal_dma.o
LOAD ./Drivers/STM32F1xx_HAL_Driver/Src/stm32f1xx_hal_exti.o
LOAD ./Drivers/STM32F1xx_HAL_Driver/Src/stm32f1xx_hal_flash.o
LOAD ./Drivers/STM32F1xx_HAL_Driver/Src/stm32f1xx_hal_flash_ex.o
LOAD ./Drivers/STM32F1xx_HAL_Driver/Src/stm32f1xx_hal_gpio.o
LOAD ./Drivers/STM32F1xx_HAL_Driver/Src/stm32f1xx_hal_gpio_ex.o
LOAD ./Drivers/STM32F1xx_HAL_Driver/Src/stm32f1xx_hal_pwr.o
LOAD ./Drivers/STM32F1xx_HAL_Driver/Src/stm32f1xx_hal_rcc.o
LOAD ./Drivers/STM32F1xx_HAL_Driver/Src/stm32f1xx_hal_rcc_ex.o
LOAD ./Drivers/STM32F1xx_HAL_Driver/Src/stm32f1xx_hal_tim.o
LOAD ./Drivers/STM32F1xx_HAL_Driver/Src/stm32f1xx_hal_tim_ex.o
LOAD ./Drivers/STM32F1xx_HAL_Driver/Src/stm32f1xx_hal_uart.o
START GROUP
LOAD d:/ung dung/stm32cubeide_1.7.0/stm32cubeide/plugins/com.st.stm32cube.ide.mcu.externaltools.gnu-tools-for-stm32.9-2020-q2-update.win32_2.0.0.202105311346/tools/bin/../lib/gcc/arm-none-eabi/9.3.1/../../../../arm-none-eabi/lib/thumb/v7-m/nofp\libc_nano.a
LOAD d:/ung dung/stm32cubeide_1.7.0/stm32cubeide/plugins/com.st.stm32cube.ide.mcu.externaltools.gnu-tools-for-stm32.9-2020-q2-update.win32_2.0.0.202105311346/tools/bin/../lib/gcc/arm-none-eabi/9.3.1/../../../../arm-none-eabi/lib/thumb/v7-m/nofp\libm.a
END GROUP
START GROUP
LOAD d:/ung dung/stm32cubeide_1.7.0/stm32cubeide/plugins/com.st.stm32cube.ide.mcu.externaltools.gnu-tools-for-stm32.9-2020-q2-update.win32_2.0.0.202105311346/tools/bin/../lib/gcc/arm-none-eabi/9.3.1/thumb/v7-m/nofp\libgcc.a
LOAD d:/ung dung/stm32cubeide_1.7.0/stm32cubeide/plugins/com.st.stm32cube.ide.mcu.externaltools.gnu-tools-for-stm32.9-2020-q2-update.win32_2.0.0.202105311346/tools/bin/../lib/gcc/arm-none-eabi/9.3.1/../../../../arm-none-eabi/lib/thumb/v7-m/nofp\libc_nano.a
END GROUP
START GROUP
LOAD d:/ung dung/stm32cubeide_1.7.0/stm32cubeide/plugins/com.st.stm32cube.ide.mcu.externaltools.gnu-tools-for-stm32.9-2020-q2-update.win32_2.0.0.202105311346/tools/bin/../lib/gcc/arm-none-eabi/9.3.1/thumb/v7-m/nofp\libgcc.a
LOAD d:/ung dung/stm32cubeide_1.7.0/stm32cubeide/plugins/com.st.stm32cube.ide.mcu.externaltools.gnu-tools-for-stm32.9-2020-q2-update.win32_2.0.0.202105311346/tools/bin/../lib/gcc/arm-none-eabi/9.3.1/../../../../arm-none-eabi/lib/thumb/v7-m/nofp\libc_nano.a
LOAD d:/ung dung/stm32cubeide_1.7.0/stm32cubeide/plugins/com.st.stm32cube.ide.mcu.externaltools.gnu-tools-for-stm32.9-2020-q2-update.win32_2.0.0.202105311346/tools/bin/../lib/gcc/arm-none-eabi/9.3.1/../../../../arm-none-eabi/lib/thumb/v7-m/nofp\libnosys.a
END GROUP
START GROUP
LOAD d:/ung dung/stm32cubeide_1.7.0/stm32cubeide/plugins/com.st.stm32cube.ide.mcu.externaltools.gnu-tools-for-stm32.9-2020-q2-update.win32_2.0.0.202105311346/tools/bin/../lib/gcc/arm-none-eabi/9.3.1/thumb/v7-m/nofp\libgcc.a
LOAD d:/ung dung/stm32cubeide_1.7.0/stm32cubeide/plugins/com.st.stm32cube.ide.mcu.externaltools.gnu-tools-for-stm32.9-2020-q2-update.win32_2.0.0.202105311346/tools/bin/../lib/gcc/arm-none-eabi/9.3.1/../../../../arm-none-eabi/lib/thumb/v7-m/nofp\libc_nano.a
LOAD d:/ung dung/stm32cubeide_1.7.0/stm32cubeide/plugins/com.st.stm32cube.ide.mcu.externaltools.gnu-tools-for-stm32.9-2020-q2-update.win32_2.0.0.202105311346/tools/bin/../lib/gcc/arm-none-eabi/9.3.1/../../../../arm-none-eabi/lib/thumb/v7-m/nofp\libnosys.a
END GROUP
LOAD d:/ung dung/stm32cubeide_1.7.0/stm32cubeide/plugins/com.st.stm32cube.ide.mcu.externaltools.gnu-tools-for-stm32.9-2020-q2-update.win32_2.0.0.202105311346/tools/bin/../lib/gcc/arm-none-eabi/9.3.1/thumb/v7-m/nofp/crtend.o
LOAD d:/ung dung/stm32cubeide_1.7.0/stm32cubeide/plugins/com.st.stm32cube.ide.mcu.externaltools.gnu-tools-for-stm32.9-2020-q2-update.win32_2.0.0.202105311346/tools/bin/../lib/gcc/arm-none-eabi/9.3.1/thumb/v7-m/nofp/crtn.o
                0x0000000020002800                _estack = (ORIGIN (RAM) + LENGTH (RAM))
                0x0000000000000200                _Min_Heap_Size = 0x200
                0x0000000000000400                _Min_Stack_Size = 0x400

.isr_vector     0x0000000008000000      0x10c
                0x0000000008000000                . = ALIGN (0x4)
 *(.isr_vector)
 .isr_vector    0x0000000008000000      0x10c ./Core/Startup/startup_stm32f103c6ux.o
                0x0000000008000000                g_pfnVectors
                0x000000000800010c                . = ALIGN (0x4)

.text           0x0000000008000110     0x47a4
                0x0000000008000110                . = ALIGN (0x4)
 *(.text)
 .text          0x0000000008000110       0x40 d:/ung dung/stm32cubeide_1.7.0/stm32cubeide/plugins/com.st.stm32cube.ide.mcu.externaltools.gnu-tools-for-stm32.9-2020-q2-update.win32_2.0.0.202105311346/tools/bin/../lib/gcc/arm-none-eabi/9.3.1/thumb/v7-m/nofp/crtbegin.o
 .text          0x0000000008000150       0x14 d:/ung dung/stm32cubeide_1.7.0/stm32cubeide/plugins/com.st.stm32cube.ide.mcu.externaltools.gnu-tools-for-stm32.9-2020-q2-update.win32_2.0.0.202105311346/tools/bin/../lib/gcc/arm-none-eabi/9.3.1/../../../../arm-none-eabi/lib/thumb/v7-m/nofp\libc_nano.a(lib_a-strcmp.o)
                0x0000000008000150                strcmp
 .text          0x0000000008000164      0x378 d:/ung dung/stm32cubeide_1.7.0/stm32cubeide/plugins/com.st.stm32cube.ide.mcu.externaltools.gnu-tools-for-stm32.9-2020-q2-update.win32_2.0.0.202105311346/tools/bin/../lib/gcc/arm-none-eabi/9.3.1/thumb/v7-m/nofp\libgcc.a(_arm_addsubdf3.o)
                0x0000000008000164                __aeabi_drsub
                0x000000000800016c                __aeabi_dsub
                0x000000000800016c                __subdf3
                0x0000000008000170                __aeabi_dadd
                0x0000000008000170                __adddf3
                0x00000000080003e8                __floatunsidf
                0x00000000080003e8                __aeabi_ui2d
                0x0000000008000408                __floatsidf
                0x0000000008000408                __aeabi_i2d
                0x000000000800042c                __aeabi_f2d
                0x000000000800042c                __extendsfdf2
                0x0000000008000470                __floatundidf
                0x0000000008000470                __aeabi_ul2d
                0x0000000008000480                __floatdidf
                0x0000000008000480                __aeabi_l2d
 .text          0x00000000080004dc      0x424 d:/ung dung/stm32cubeide_1.7.0/stm32cubeide/plugins/com.st.stm32cube.ide.mcu.externaltools.gnu-tools-for-stm32.9-2020-q2-update.win32_2.0.0.202105311346/tools/bin/../lib/gcc/arm-none-eabi/9.3.1/thumb/v7-m/nofp\libgcc.a(_arm_muldivdf3.o)
                0x00000000080004dc                __aeabi_dmul
                0x00000000080004dc                __muldf3
                0x0000000008000730                __divdf3
                0x0000000008000730                __aeabi_ddiv
 .text          0x0000000008000900       0x50 d:/ung dung/stm32cubeide_1.7.0/stm32cubeide/plugins/com.st.stm32cube.ide.mcu.externaltools.gnu-tools-for-stm32.9-2020-q2-update.win32_2.0.0.202105311346/tools/bin/../lib/gcc/arm-none-eabi/9.3.1/thumb/v7-m/nofp\libgcc.a(_arm_fixdfsi.o)
                0x0000000008000900                __aeabi_d2iz
                0x0000000008000900                __fixdfsi
 *(.text*)
 .text.command_parser_fsm
                0x0000000008000950       0x9c ./Core/Src/command_parser.o
                0x0000000008000950                command_parser_fsm
 .text.HAL_UART_RxCpltCallback
                0x00000000080009ec       0x74 ./Core/Src/main.o
                0x00000000080009ec                HAL_UART_RxCpltCallback
 .text.main     0x0000000008000a60       0xb4 ./Core/Src/main.o
                0x0000000008000a60                main
 .text.SystemClock_Config
                0x0000000008000b14       0xa0 ./Core/Src/main.o
                0x0000000008000b14                SystemClock_Config
 .text.MX_ADC1_Init
                0x0000000008000bb4       0x7c ./Core/Src/main.o
 .text.MX_TIM2_Init
                0x0000000008000c30      0x118 ./Core/Src/main.o
 .text.MX_USART2_UART_Init
                0x0000000008000d48       0x54 ./Core/Src/main.o
 .text.MX_GPIO_Init
                0x0000000008000d9c       0x64 ./Core/Src/main.o
 .text.HAL_TIM_PeriodElapsedCallback
                0x0000000008000e00       0x14 ./Core/Src/main.o
                0x0000000008000e00                HAL_TIM_PeriodElapsedCallback
 .text.Error_Handler
                0x0000000008000e14        0xa ./Core/Src/main.o
                0x0000000008000e14                Error_Handler
 *fill*         0x0000000008000e1e        0x2 
 .text.setTimer
                0x0000000008000e20       0x3c ./Core/Src/software_timer.o
                0x0000000008000e20                setTimer
 .text.clearTimer
                0x0000000008000e5c       0x30 ./Core/Src/software_timer.o
                0x0000000008000e5c                clearTimer
 .text.timerRun
                0x0000000008000e8c       0x60 ./Core/Src/software_timer.o
                0x0000000008000e8c                timerRun
 .text.HAL_MspInit
                0x0000000008000eec       0x64 ./Core/Src/stm32f1xx_hal_msp.o
                0x0000000008000eec                HAL_MspInit
 .text.HAL_ADC_MspInit
                0x0000000008000f50       0x78 ./Core/Src/stm32f1xx_hal_msp.o
                0x0000000008000f50                HAL_ADC_MspInit
 .text.HAL_TIM_Base_MspInit
                0x0000000008000fc8       0x48 ./Core/Src/stm32f1xx_hal_msp.o
                0x0000000008000fc8                HAL_TIM_Base_MspInit
 .text.HAL_UART_MspInit
                0x0000000008001010       0xa4 ./Core/Src/stm32f1xx_hal_msp.o
                0x0000000008001010                HAL_UART_MspInit
 .text.NMI_Handler
                0x00000000080010b4        0x6 ./Core/Src/stm32f1xx_it.o
                0x00000000080010b4                NMI_Handler
 .text.HardFault_Handler
                0x00000000080010ba        0x6 ./Core/Src/stm32f1xx_it.o
                0x00000000080010ba                HardFault_Handler
 .text.MemManage_Handler
                0x00000000080010c0        0x6 ./Core/Src/stm32f1xx_it.o
                0x00000000080010c0                MemManage_Handler
 .text.BusFault_Handler
                0x00000000080010c6        0x6 ./Core/Src/stm32f1xx_it.o
                0x00000000080010c6                BusFault_Handler
 .text.UsageFault_Handler
                0x00000000080010cc        0x6 ./Core/Src/stm32f1xx_it.o
                0x00000000080010cc                UsageFault_Handler
 .text.SVC_Handler
                0x00000000080010d2        0xc ./Core/Src/stm32f1xx_it.o
                0x00000000080010d2                SVC_Handler
 .text.DebugMon_Handler
                0x00000000080010de        0xc ./Core/Src/stm32f1xx_it.o
                0x00000000080010de                DebugMon_Handler
 .text.PendSV_Handler
                0x00000000080010ea        0xc ./Core/Src/stm32f1xx_it.o
                0x00000000080010ea                PendSV_Handler
 .text.SysTick_Handler
                0x00000000080010f6        0xc ./Core/Src/stm32f1xx_it.o
                0x00000000080010f6                SysTick_Handler
 *fill*         0x0000000008001102        0x2 
 .text.TIM2_IRQHandler
                0x0000000008001104       0x14 ./Core/Src/stm32f1xx_it.o
                0x0000000008001104                TIM2_IRQHandler
 .text.USART2_IRQHandler
                0x0000000008001118       0x14 ./Core/Src/stm32f1xx_it.o
                0x0000000008001118                USART2_IRQHandler
 .text._sbrk    0x000000000800112c       0x6c ./Core/Src/sysmem.o
                0x000000000800112c                _sbrk
 .text.SystemInit
                0x0000000008001198        0xc ./Core/Src/system_stm32f1xx.o
                0x0000000008001198                SystemInit
 .text.uart_communiation_fsm
                0x00000000080011a4      0x14c ./Core/Src/uart_communication.o
                0x00000000080011a4                uart_communiation_fsm
 .text.Reset_Handler
                0x00000000080012f0       0x48 ./Core/Startup/startup_stm32f103c6ux.o
                0x00000000080012f0                Reset_Handler
 .text.Default_Handler
                0x0000000008001338        0x2 ./Core/Startup/startup_stm32f103c6ux.o
                0x0000000008001338                RTC_Alarm_IRQHandler
                0x0000000008001338                EXTI2_IRQHandler
                0x0000000008001338                TIM1_CC_IRQHandler
                0x0000000008001338                PVD_IRQHandler
                0x0000000008001338                EXTI3_IRQHandler
                0x0000000008001338                EXTI0_IRQHandler
                0x0000000008001338                ADC1_2_IRQHandler
                0x0000000008001338                SPI1_IRQHandler
                0x0000000008001338                TAMPER_IRQHandler
                0x0000000008001338                DMA1_Channel4_IRQHandler
                0x0000000008001338                RTC_IRQHandler
                0x0000000008001338                DMA1_Channel7_IRQHandler
                0x0000000008001338                CAN1_RX1_IRQHandler
                0x0000000008001338                I2C1_EV_IRQHandler
                0x0000000008001338                DMA1_Channel6_IRQHandler
                0x0000000008001338                TIM3_IRQHandler
                0x0000000008001338                RCC_IRQHandler
                0x0000000008001338                TIM1_TRG_COM_IRQHandler
                0x0000000008001338                DMA1_Channel1_IRQHandler
                0x0000000008001338                Default_Handler
                0x0000000008001338                EXTI15_10_IRQHandler
                0x0000000008001338                EXTI9_5_IRQHandler
                0x0000000008001338                DMA1_Channel5_IRQHandler
                0x0000000008001338                EXTI4_IRQHandler
                0x0000000008001338                USB_LP_CAN1_RX0_IRQHandler
                0x0000000008001338                USB_HP_CAN1_TX_IRQHandler
                0x0000000008001338                DMA1_Channel3_IRQHandler
                0x0000000008001338                TIM1_UP_IRQHandler
                0x0000000008001338                WWDG_IRQHandler
                0x0000000008001338                TIM1_BRK_IRQHandler
                0x0000000008001338                EXTI1_IRQHandler
                0x0000000008001338                DMA1_Channel2_IRQHandler
                0x0000000008001338                CAN1_SCE_IRQHandler
                0x0000000008001338                FLASH_IRQHandler
                0x0000000008001338                USART1_IRQHandler
                0x0000000008001338                I2C1_ER_IRQHandler
                0x0000000008001338                USBWakeUp_IRQHandler
 *fill*         0x000000000800133a        0x2 
 .text.HAL_Init
                0x000000000800133c       0x2c ./Drivers/STM32F1xx_HAL_Driver/Src/stm32f1xx_hal.o
                0x000000000800133c                HAL_Init
 .text.HAL_InitTick
                0x0000000008001368       0x60 ./Drivers/STM32F1xx_HAL_Driver/Src/stm32f1xx_hal.o
                0x0000000008001368                HAL_InitTick
 .text.HAL_IncTick
                0x00000000080013c8       0x24 ./Drivers/STM32F1xx_HAL_Driver/Src/stm32f1xx_hal.o
                0x00000000080013c8                HAL_IncTick
 .text.HAL_GetTick
                0x00000000080013ec       0x14 ./Drivers/STM32F1xx_HAL_Driver/Src/stm32f1xx_hal.o
                0x00000000080013ec                HAL_GetTick
 .text.HAL_ADC_Init
                0x0000000008001400      0x1b0 ./Drivers/STM32F1xx_HAL_Driver/Src/stm32f1xx_hal_adc.o
                0x0000000008001400                HAL_ADC_Init
 .text.HAL_ADC_Start
                0x00000000080015b0      0x15c ./Drivers/STM32F1xx_HAL_Driver/Src/stm32f1xx_hal_adc.o
                0x00000000080015b0                HAL_ADC_Start
 .text.HAL_ADC_Stop
                0x000000000800170c       0x58 ./Drivers/STM32F1xx_HAL_Driver/Src/stm32f1xx_hal_adc.o
                0x000000000800170c                HAL_ADC_Stop
 .text.HAL_ADC_GetValue
                0x0000000008001764       0x18 ./Drivers/STM32F1xx_HAL_Driver/Src/stm32f1xx_hal_adc.o
                0x0000000008001764                HAL_ADC_GetValue
 .text.HAL_ADC_ConfigChannel
                0x000000000800177c      0x1f0 ./Drivers/STM32F1xx_HAL_Driver/Src/stm32f1xx_hal_adc.o
                0x000000000800177c                HAL_ADC_ConfigChannel
 .text.ADC_Enable
                0x000000000800196c       0xb4 ./Drivers/STM32F1xx_HAL_Driver/Src/stm32f1xx_hal_adc.o
                0x000000000800196c                ADC_Enable
 .text.ADC_ConversionStop_Disable
                0x0000000008001a20       0x82 ./Drivers/STM32F1xx_HAL_Driver/Src/stm32f1xx_hal_adc.o
                0x0000000008001a20                ADC_ConversionStop_Disable
 *fill*         0x0000000008001aa2        0x2 
 .text.__NVIC_SetPriorityGrouping
                0x0000000008001aa4       0x48 ./Drivers/STM32F1xx_HAL_Driver/Src/stm32f1xx_hal_cortex.o
 .text.__NVIC_GetPriorityGrouping
                0x0000000008001aec       0x1c ./Drivers/STM32F1xx_HAL_Driver/Src/stm32f1xx_hal_cortex.o
 .text.__NVIC_EnableIRQ
                0x0000000008001b08       0x38 ./Drivers/STM32F1xx_HAL_Driver/Src/stm32f1xx_hal_cortex.o
 .text.__NVIC_SetPriority
                0x0000000008001b40       0x54 ./Drivers/STM32F1xx_HAL_Driver/Src/stm32f1xx_hal_cortex.o
 .text.NVIC_EncodePriority
                0x0000000008001b94       0x64 ./Drivers/STM32F1xx_HAL_Driver/Src/stm32f1xx_hal_cortex.o
 .text.SysTick_Config
                0x0000000008001bf8       0x44 ./Drivers/STM32F1xx_HAL_Driver/Src/stm32f1xx_hal_cortex.o
 .text.HAL_NVIC_SetPriorityGrouping
                0x0000000008001c3c       0x16 ./Drivers/STM32F1xx_HAL_Driver/Src/stm32f1xx_hal_cortex.o
                0x0000000008001c3c                HAL_NVIC_SetPriorityGrouping
 .text.HAL_NVIC_SetPriority
                0x0000000008001c52       0x38 ./Drivers/STM32F1xx_HAL_Driver/Src/stm32f1xx_hal_cortex.o
                0x0000000008001c52                HAL_NVIC_SetPriority
 .text.HAL_NVIC_EnableIRQ
                0x0000000008001c8a       0x1c ./Drivers/STM32F1xx_HAL_Driver/Src/stm32f1xx_hal_cortex.o
                0x0000000008001c8a                HAL_NVIC_EnableIRQ
 .text.HAL_SYSTICK_Config
                0x0000000008001ca6       0x18 ./Drivers/STM32F1xx_HAL_Driver/Src/stm32f1xx_hal_cortex.o
                0x0000000008001ca6                HAL_SYSTICK_Config
 .text.HAL_DMA_Abort
                0x0000000008001cbe       0x76 ./Drivers/STM32F1xx_HAL_Driver/Src/stm32f1xx_hal_dma.o
                0x0000000008001cbe                HAL_DMA_Abort
 .text.HAL_DMA_Abort_IT
                0x0000000008001d34       0xf0 ./Drivers/STM32F1xx_HAL_Driver/Src/stm32f1xx_hal_dma.o
                0x0000000008001d34                HAL_DMA_Abort_IT
 .text.HAL_GPIO_Init
                0x0000000008001e24      0x2f4 ./Drivers/STM32F1xx_HAL_Driver/Src/stm32f1xx_hal_gpio.o
                0x0000000008001e24                HAL_GPIO_Init
 .text.HAL_GPIO_WritePin
                0x0000000008002118       0x30 ./Drivers/STM32F1xx_HAL_Driver/Src/stm32f1xx_hal_gpio.o
                0x0000000008002118                HAL_GPIO_WritePin
 .text.HAL_GPIO_TogglePin
                0x0000000008002148       0x32 ./Drivers/STM32F1xx_HAL_Driver/Src/stm32f1xx_hal_gpio.o
                0x0000000008002148                HAL_GPIO_TogglePin
 *fill*         0x000000000800217a        0x2 
 .text.HAL_RCC_OscConfig
                0x000000000800217c      0x500 ./Drivers/STM32F1xx_HAL_Driver/Src/stm32f1xx_hal_rcc.o
                0x000000000800217c                HAL_RCC_OscConfig
 .text.HAL_RCC_ClockConfig
                0x000000000800267c      0x1d4 ./Drivers/STM32F1xx_HAL_Driver/Src/stm32f1xx_hal_rcc.o
                0x000000000800267c                HAL_RCC_ClockConfig
 .text.HAL_RCC_GetSysClockFreq
                0x0000000008002850       0xa8 ./Drivers/STM32F1xx_HAL_Driver/Src/stm32f1xx_hal_rcc.o
                0x0000000008002850                HAL_RCC_GetSysClockFreq
 .text.HAL_RCC_GetHCLKFreq
                0x00000000080028f8       0x14 ./Drivers/STM32F1xx_HAL_Driver/Src/stm32f1xx_hal_rcc.o
                0x00000000080028f8                HAL_RCC_GetHCLKFreq
 .text.HAL_RCC_GetPCLK1Freq
                0x000000000800290c       0x28 ./Drivers/STM32F1xx_HAL_Driver/Src/stm32f1xx_hal_rcc.o
                0x000000000800290c                HAL_RCC_GetPCLK1Freq
 .text.HAL_RCC_GetPCLK2Freq
                0x0000000008002934       0x28 ./Drivers/STM32F1xx_HAL_Driver/Src/stm32f1xx_hal_rcc.o
                0x0000000008002934                HAL_RCC_GetPCLK2Freq
 .text.RCC_Delay
                0x000000000800295c       0x3c ./Drivers/STM32F1xx_HAL_Driver/Src/stm32f1xx_hal_rcc.o
 .text.HAL_RCCEx_PeriphCLKConfig
                0x0000000008002998      0x16c ./Drivers/STM32F1xx_HAL_Driver/Src/stm32f1xx_hal_rcc_ex.o
                0x0000000008002998                HAL_RCCEx_PeriphCLKConfig
 .text.HAL_TIM_Base_Init
                0x0000000008002b04       0x9e ./Drivers/STM32F1xx_HAL_Driver/Src/stm32f1xx_hal_tim.o
                0x0000000008002b04                HAL_TIM_Base_Init
 *fill*         0x0000000008002ba2        0x2 
 .text.HAL_TIM_Base_Start_IT
                0x0000000008002ba4       0x98 ./Drivers/STM32F1xx_HAL_Driver/Src/stm32f1xx_hal_tim.o
                0x0000000008002ba4                HAL_TIM_Base_Start_IT
 .text.HAL_TIM_IRQHandler
                0x0000000008002c3c      0x210 ./Drivers/STM32F1xx_HAL_Driver/Src/stm32f1xx_hal_tim.o
                0x0000000008002c3c                HAL_TIM_IRQHandler
 .text.HAL_TIM_ConfigClockSource
                0x0000000008002e4c      0x18e ./Drivers/STM32F1xx_HAL_Driver/Src/stm32f1xx_hal_tim.o
                0x0000000008002e4c                HAL_TIM_ConfigClockSource
 .text.HAL_TIM_OC_DelayElapsedCallback
                0x0000000008002fda       0x12 ./Drivers/STM32F1xx_HAL_Driver/Src/stm32f1xx_hal_tim.o
                0x0000000008002fda                HAL_TIM_OC_DelayElapsedCallback
 .text.HAL_TIM_IC_CaptureCallback
                0x0000000008002fec       0x12 ./Drivers/STM32F1xx_HAL_Driver/Src/stm32f1xx_hal_tim.o
                0x0000000008002fec                HAL_TIM_IC_CaptureCallback
 .text.HAL_TIM_PWM_PulseFinishedCallback
                0x0000000008002ffe       0x12 ./Drivers/STM32F1xx_HAL_Driver/Src/stm32f1xx_hal_tim.o
                0x0000000008002ffe                HAL_TIM_PWM_PulseFinishedCallback
 .text.HAL_TIM_TriggerCallback
                0x0000000008003010       0x12 ./Drivers/STM32F1xx_HAL_Driver/Src/stm32f1xx_hal_tim.o
                0x0000000008003010                HAL_TIM_TriggerCallback
 *fill*         0x0000000008003022        0x2 
 .text.TIM_Base_SetConfig
                0x0000000008003024       0xb0 ./Drivers/STM32F1xx_HAL_Driver/Src/stm32f1xx_hal_tim.o
                0x0000000008003024                TIM_Base_SetConfig
 .text.TIM_TI1_ConfigInputStage
                0x00000000080030d4       0x5c ./Drivers/STM32F1xx_HAL_Driver/Src/stm32f1xx_hal_tim.o
 .text.TIM_TI2_ConfigInputStage
                0x0000000008003130       0x5e ./Drivers/STM32F1xx_HAL_Driver/Src/stm32f1xx_hal_tim.o
 .text.TIM_ITRx_SetConfig
                0x000000000800318e       0x34 ./Drivers/STM32F1xx_HAL_Driver/Src/stm32f1xx_hal_tim.o
 .text.TIM_ETR_SetConfig
                0x00000000080031c2       0x3e ./Drivers/STM32F1xx_HAL_Driver/Src/stm32f1xx_hal_tim.o
                0x00000000080031c2                TIM_ETR_SetConfig
 .text.HAL_TIMEx_MasterConfigSynchronization
                0x0000000008003200       0xb0 ./Drivers/STM32F1xx_HAL_Driver/Src/stm32f1xx_hal_tim_ex.o
                0x0000000008003200                HAL_TIMEx_MasterConfigSynchronization
 .text.HAL_TIMEx_CommutCallback
                0x00000000080032b0       0x12 ./Drivers/STM32F1xx_HAL_Driver/Src/stm32f1xx_hal_tim_ex.o
                0x00000000080032b0                HAL_TIMEx_CommutCallback
 .text.HAL_TIMEx_BreakCallback
                0x00000000080032c2       0x12 ./Drivers/STM32F1xx_HAL_Driver/Src/stm32f1xx_hal_tim_ex.o
                0x00000000080032c2                HAL_TIMEx_BreakCallback
 .text.HAL_UART_Init
                0x00000000080032d4       0xa0 ./Drivers/STM32F1xx_HAL_Driver/Src/stm32f1xx_hal_uart.o
                0x00000000080032d4                HAL_UART_Init
 .text.HAL_UART_Transmit
                0x0000000008003374      0x106 ./Drivers/STM32F1xx_HAL_Driver/Src/stm32f1xx_hal_uart.o
                0x0000000008003374                HAL_UART_Transmit
 .text.HAL_UART_Receive_IT
                0x000000000800347a       0x4a ./Drivers/STM32F1xx_HAL_Driver/Src/stm32f1xx_hal_uart.o
                0x000000000800347a                HAL_UART_Receive_IT
 .text.HAL_UART_IRQHandler
                0x00000000080034c4      0x524 ./Drivers/STM32F1xx_HAL_Driver/Src/stm32f1xx_hal_uart.o
                0x00000000080034c4                HAL_UART_IRQHandler
 .text.HAL_UART_TxCpltCallback
                0x00000000080039e8       0x12 ./Drivers/STM32F1xx_HAL_Driver/Src/stm32f1xx_hal_uart.o
                0x00000000080039e8                HAL_UART_TxCpltCallback
 .text.HAL_UART_ErrorCallback
                0x00000000080039fa       0x12 ./Drivers/STM32F1xx_HAL_Driver/Src/stm32f1xx_hal_uart.o
                0x00000000080039fa                HAL_UART_ErrorCallback
 .text.HAL_UARTEx_RxEventCallback
                0x0000000008003a0c       0x16 ./Drivers/STM32F1xx_HAL_Driver/Src/stm32f1xx_hal_uart.o
                0x0000000008003a0c                HAL_UARTEx_RxEventCallback
 .text.UART_WaitOnFlagUntilTimeout
                0x0000000008003a22       0xdc ./Drivers/STM32F1xx_HAL_Driver/Src/stm32f1xx_hal_uart.o
 .text.UART_Start_Receive_IT
                0x0000000008003afe       0x72 ./Drivers/STM32F1xx_HAL_Driver/Src/stm32f1xx_hal_uart.o
                0x0000000008003afe                UART_Start_Receive_IT
 .text.UART_EndRxTransfer
                0x0000000008003b70       0xc4 ./Drivers/STM32F1xx_HAL_Driver/Src/stm32f1xx_hal_uart.o
 .text.UART_DMAAbortOnError
                0x0000000008003c34       0x28 ./Drivers/STM32F1xx_HAL_Driver/Src/stm32f1xx_hal_uart.o
 .text.UART_Transmit_IT
                0x0000000008003c5c       0x9e ./Drivers/STM32F1xx_HAL_Driver/Src/stm32f1xx_hal_uart.o
 .text.UART_EndTransmit_IT
                0x0000000008003cfa       0x30 ./Drivers/STM32F1xx_HAL_Driver/Src/stm32f1xx_hal_uart.o
 .text.UART_Receive_IT
                0x0000000008003d2a      0x17c ./Drivers/STM32F1xx_HAL_Driver/Src/stm32f1xx_hal_uart.o
 *fill*         0x0000000008003ea6        0x2 
 .text.UART_SetConfig
                0x0000000008003ea8      0x11c ./Drivers/STM32F1xx_HAL_Driver/Src/stm32f1xx_hal_uart.o
 .text.__errno  0x0000000008003fc4        0xc d:/ung dung/stm32cubeide_1.7.0/stm32cubeide/plugins/com.st.stm32cube.ide.mcu.externaltools.gnu-tools-for-stm32.9-2020-q2-update.win32_2.0.0.202105311346/tools/bin/../lib/gcc/arm-none-eabi/9.3.1/../../../../arm-none-eabi/lib/thumb/v7-m/nofp\libc_nano.a(lib_a-errno.o)
                0x0000000008003fc4                __errno
 .text.__libc_init_array
                0x0000000008003fd0       0x48 d:/ung dung/stm32cubeide_1.7.0/stm32cubeide/plugins/com.st.stm32cube.ide.mcu.externaltools.gnu-tools-for-stm32.9-2020-q2-update.win32_2.0.0.202105311346/tools/bin/../lib/gcc/arm-none-eabi/9.3.1/../../../../arm-none-eabi/lib/thumb/v7-m/nofp\libc_nano.a(lib_a-init.o)
                0x0000000008003fd0                __libc_init_array
 .text.memcpy   0x0000000008004018       0x1c d:/ung dung/stm32cubeide_1.7.0/stm32cubeide/plugins/com.st.stm32cube.ide.mcu.externaltools.gnu-tools-for-stm32.9-2020-q2-update.win32_2.0.0.202105311346/tools/bin/../lib/gcc/arm-none-eabi/9.3.1/../../../../arm-none-eabi/lib/thumb/v7-m/nofp\libc_nano.a(lib_a-memcpy-stub.o)
                0x0000000008004018                memcpy
 .text.memset   0x0000000008004034       0x10 d:/ung dung/stm32cubeide_1.7.0/stm32cubeide/plugins/com.st.stm32cube.ide.mcu.externaltools.gnu-tools-for-stm32.9-2020-q2-update.win32_2.0.0.202105311346/tools/bin/../lib/gcc/arm-none-eabi/9.3.1/../../../../arm-none-eabi/lib/thumb/v7-m/nofp\libc_nano.a(lib_a-memset.o)
                0x0000000008004034                memset
 .text.sprintf  0x0000000008004044       0x40 d:/ung dung/stm32cubeide_1.7.0/stm32cubeide/plugins/com.st.stm32cube.ide.mcu.externaltools.gnu-tools-for-stm32.9-2020-q2-update.win32_2.0.0.202105311346/tools/bin/../lib/gcc/arm-none-eabi/9.3.1/../../../../arm-none-eabi/lib/thumb/v7-m/nofp\libc_nano.a(lib_a-sprintf.o)
                0x0000000008004044                siprintf
                0x0000000008004044                sprintf
 .text.__ssputs_r
                0x0000000008004084       0xb6 d:/ung dung/stm32cubeide_1.7.0/stm32cubeide/plugins/com.st.stm32cube.ide.mcu.externaltools.gnu-tools-for-stm32.9-2020-q2-update.win32_2.0.0.202105311346/tools/bin/../lib/gcc/arm-none-eabi/9.3.1/../../../../arm-none-eabi/lib/thumb/v7-m/nofp\libc_nano.a(lib_a-nano-svfprintf.o)
                0x0000000008004084                __ssputs_r
 *fill*         0x000000000800413a        0x2 
 .text._svfprintf_r
                0x000000000800413c      0x200 d:/ung dung/stm32cubeide_1.7.0/stm32cubeide/plugins/com.st.stm32cube.ide.mcu.externaltools.gnu-tools-for-stm32.9-2020-q2-update.win32_2.0.0.202105311346/tools/bin/../lib/gcc/arm-none-eabi/9.3.1/../../../../arm-none-eabi/lib/thumb/v7-m/nofp\libc_nano.a(lib_a-nano-svfprintf.o)
                0x000000000800413c                _svfiprintf_r
                0x000000000800413c                _svfprintf_r
 .text._printf_common
                0x000000000800433c       0xde d:/ung dung/stm32cubeide_1.7.0/stm32cubeide/plugins/com.st.stm32cube.ide.mcu.externaltools.gnu-tools-for-stm32.9-2020-q2-update.win32_2.0.0.202105311346/tools/bin/../lib/gcc/arm-none-eabi/9.3.1/../../../../arm-none-eabi/lib/thumb/v7-m/nofp\libc_nano.a(lib_a-nano-vfprintf_i.o)
                0x000000000800433c                _printf_common
 *fill*         0x000000000800441a        0x2 
 .text._printf_i
                0x000000000800441c      0x24c d:/ung dung/stm32cubeide_1.7.0/stm32cubeide/plugins/com.st.stm32cube.ide.mcu.externaltools.gnu-tools-for-stm32.9-2020-q2-update.win32_2.0.0.202105311346/tools/bin/../lib/gcc/arm-none-eabi/9.3.1/../../../../arm-none-eabi/lib/thumb/v7-m/nofp\libc_nano.a(lib_a-nano-vfprintf_i.o)
                0x000000000800441c                _printf_i
 .text.memchr   0x0000000008004668       0x1c d:/ung dung/stm32cubeide_1.7.0/stm32cubeide/plugins/com.st.stm32cube.ide.mcu.externaltools.gnu-tools-for-stm32.9-2020-q2-update.win32_2.0.0.202105311346/tools/bin/../lib/gcc/arm-none-eabi/9.3.1/../../../../arm-none-eabi/lib/thumb/v7-m/nofp\libc_nano.a(lib_a-memchr-stub.o)
                0x0000000008004668                memchr
 .text.memmove  0x0000000008004684       0x34 d:/ung dung/stm32cubeide_1.7.0/stm32cubeide/plugins/com.st.stm32cube.ide.mcu.externaltools.gnu-tools-for-stm32.9-2020-q2-update.win32_2.0.0.202105311346/tools/bin/../lib/gcc/arm-none-eabi/9.3.1/../../../../arm-none-eabi/lib/thumb/v7-m/nofp\libc_nano.a(lib_a-memmove.o)
                0x0000000008004684                memmove
 .text._free_r  0x00000000080046b8       0x98 d:/ung dung/stm32cubeide_1.7.0/stm32cubeide/plugins/com.st.stm32cube.ide.mcu.externaltools.gnu-tools-for-stm32.9-2020-q2-update.win32_2.0.0.202105311346/tools/bin/../lib/gcc/arm-none-eabi/9.3.1/../../../../arm-none-eabi/lib/thumb/v7-m/nofp\libc_nano.a(lib_a-nano-freer.o)
                0x00000000080046b8                _free_r
 .text._malloc_r
                0x0000000008004750       0xb4 d:/ung dung/stm32cubeide_1.7.0/stm32cubeide/plugins/com.st.stm32cube.ide.mcu.externaltools.gnu-tools-for-stm32.9-2020-q2-update.win32_2.0.0.202105311346/tools/bin/../lib/gcc/arm-none-eabi/9.3.1/../../../../arm-none-eabi/lib/thumb/v7-m/nofp\libc_nano.a(lib_a-nano-mallocr.o)
                0x0000000008004750                _malloc_r
 .text._realloc_r
                0x0000000008004804       0x4c d:/ung dung/stm32cubeide_1.7.0/stm32cubeide/plugins/com.st.stm32cube.ide.mcu.externaltools.gnu-tools-for-stm32.9-2020-q2-update.win32_2.0.0.202105311346/tools/bin/../lib/gcc/arm-none-eabi/9.3.1/../../../../arm-none-eabi/lib/thumb/v7-m/nofp\libc_nano.a(lib_a-nano-reallocr.o)
                0x0000000008004804                _realloc_r
 .text._sbrk_r  0x0000000008004850       0x20 d:/ung dung/stm32cubeide_1.7.0/stm32cubeide/plugins/com.st.stm32cube.ide.mcu.externaltools.gnu-tools-for-stm32.9-2020-q2-update.win32_2.0.0.202105311346/tools/bin/../lib/gcc/arm-none-eabi/9.3.1/../../../../arm-none-eabi/lib/thumb/v7-m/nofp\libc_nano.a(lib_a-sbrkr.o)
                0x0000000008004850                _sbrk_r
 .text.__malloc_lock
                0x0000000008004870        0xc d:/ung dung/stm32cubeide_1.7.0/stm32cubeide/plugins/com.st.stm32cube.ide.mcu.externaltools.gnu-tools-for-stm32.9-2020-q2-update.win32_2.0.0.202105311346/tools/bin/../lib/gcc/arm-none-eabi/9.3.1/../../../../arm-none-eabi/lib/thumb/v7-m/nofp\libc_nano.a(lib_a-mlock.o)
                0x0000000008004870                __malloc_lock
 .text.__malloc_unlock
                0x000000000800487c        0xc d:/ung dung/stm32cubeide_1.7.0/stm32cubeide/plugins/com.st.stm32cube.ide.mcu.externaltools.gnu-tools-for-stm32.9-2020-q2-update.win32_2.0.0.202105311346/tools/bin/../lib/gcc/arm-none-eabi/9.3.1/../../../../arm-none-eabi/lib/thumb/v7-m/nofp\libc_nano.a(lib_a-mlock.o)
                0x000000000800487c                __malloc_unlock
 .text._malloc_usable_size_r
                0x0000000008004888       0x10 d:/ung dung/stm32cubeide_1.7.0/stm32cubeide/plugins/com.st.stm32cube.ide.mcu.externaltools.gnu-tools-for-stm32.9-2020-q2-update.win32_2.0.0.202105311346/tools/bin/../lib/gcc/arm-none-eabi/9.3.1/../../../../arm-none-eabi/lib/thumb/v7-m/nofp\libc_nano.a(lib_a-nano-msizer.o)
                0x0000000008004888                _malloc_usable_size_r
 .text.__retarget_lock_acquire_recursive
                0x0000000008004898        0x2 d:/ung dung/stm32cubeide_1.7.0/stm32cubeide/plugins/com.st.stm32cube.ide.mcu.externaltools.gnu-tools-for-stm32.9-2020-q2-update.win32_2.0.0.202105311346/tools/bin/../lib/gcc/arm-none-eabi/9.3.1/../../../../arm-none-eabi/lib/thumb/v7-m/nofp\libc_nano.a(lib_a-lock.o)
                0x0000000008004898                __retarget_lock_acquire_recursive
 .text.__retarget_lock_release_recursive
                0x000000000800489a        0x2 d:/ung dung/stm32cubeide_1.7.0/stm32cubeide/plugins/com.st.stm32cube.ide.mcu.externaltools.gnu-tools-for-stm32.9-2020-q2-update.win32_2.0.0.202105311346/tools/bin/../lib/gcc/arm-none-eabi/9.3.1/../../../../arm-none-eabi/lib/thumb/v7-m/nofp\libc_nano.a(lib_a-lock.o)
                0x000000000800489a                __retarget_lock_release_recursive
 *(.glue_7)
 .glue_7        0x000000000800489c        0x0 linker stubs
 *(.glue_7t)
 .glue_7t       0x000000000800489c        0x0 linker stubs
 *(.eh_frame)
 .eh_frame      0x000000000800489c        0x0 d:/ung dung/stm32cubeide_1.7.0/stm32cubeide/plugins/com.st.stm32cube.ide.mcu.externaltools.gnu-tools-for-stm32.9-2020-q2-update.win32_2.0.0.202105311346/tools/bin/../lib/gcc/arm-none-eabi/9.3.1/thumb/v7-m/nofp/crtbegin.o
 *(.init)
 .init          0x000000000800489c        0x4 d:/ung dung/stm32cubeide_1.7.0/stm32cubeide/plugins/com.st.stm32cube.ide.mcu.externaltools.gnu-tools-for-stm32.9-2020-q2-update.win32_2.0.0.202105311346/tools/bin/../lib/gcc/arm-none-eabi/9.3.1/thumb/v7-m/nofp/crti.o
                0x000000000800489c                _init
 .init          0x00000000080048a0        0x8 d:/ung dung/stm32cubeide_1.7.0/stm32cubeide/plugins/com.st.stm32cube.ide.mcu.externaltools.gnu-tools-for-stm32.9-2020-q2-update.win32_2.0.0.202105311346/tools/bin/../lib/gcc/arm-none-eabi/9.3.1/thumb/v7-m/nofp/crtn.o
 *(.fini)
 .fini          0x00000000080048a8        0x4 d:/ung dung/stm32cubeide_1.7.0/stm32cubeide/plugins/com.st.stm32cube.ide.mcu.externaltools.gnu-tools-for-stm32.9-2020-q2-update.win32_2.0.0.202105311346/tools/bin/../lib/gcc/arm-none-eabi/9.3.1/thumb/v7-m/nofp/crti.o
                0x00000000080048a8                _fini
 .fini          0x00000000080048ac        0x8 d:/ung dung/stm32cubeide_1.7.0/stm32cubeide/plugins/com.st.stm32cube.ide.mcu.externaltools.gnu-tools-for-stm32.9-2020-q2-update.win32_2.0.0.202105311346/tools/bin/../lib/gcc/arm-none-eabi/9.3.1/thumb/v7-m/nofp/crtn.o
                0x00000000080048b4                . = ALIGN (0x4)
                0x00000000080048b4                _etext = .

.vfp11_veneer   0x00000000080048b4        0x0
 .vfp11_veneer  0x00000000080048b4        0x0 linker stubs

.v4_bx          0x00000000080048b4        0x0
 .v4_bx         0x00000000080048b4        0x0 linker stubs

.iplt           0x00000000080048b4        0x0
 .iplt          0x00000000080048b4        0x0 d:/ung dung/stm32cubeide_1.7.0/stm32cubeide/plugins/com.st.stm32cube.ide.mcu.externaltools.gnu-tools-for-stm32.9-2020-q2-update.win32_2.0.0.202105311346/tools/bin/../lib/gcc/arm-none-eabi/9.3.1/thumb/v7-m/nofp/crtbegin.o

.rodata         0x00000000080048b4       0x78
                0x00000000080048b4                . = ALIGN (0x4)
 *(.rodata)
 .rodata        0x00000000080048b4       0x17 ./Core/Src/uart_communication.o
 *(.rodata*)
 *fill*         0x00000000080048cb        0x1 
 .rodata.AHBPrescTable
                0x00000000080048cc       0x10 ./Core/Src/system_stm32f1xx.o
                0x00000000080048cc                AHBPrescTable
 .rodata.APBPrescTable
                0x00000000080048dc        0x8 ./Core/Src/system_stm32f1xx.o
                0x00000000080048dc                APBPrescTable
 .rodata.aPLLMULFactorTable.6329
                0x00000000080048e4       0x10 ./Drivers/STM32F1xx_HAL_Driver/Src/stm32f1xx_hal_rcc.o
 .rodata.aPredivFactorTable.6330
                0x00000000080048f4        0x2 ./Drivers/STM32F1xx_HAL_Driver/Src/stm32f1xx_hal_rcc.o
 .rodata._svfprintf_r.str1.1
                0x00000000080048f6       0x11 d:/ung dung/stm32cubeide_1.7.0/stm32cubeide/plugins/com.st.stm32cube.ide.mcu.externaltools.gnu-tools-for-stm32.9-2020-q2-update.win32_2.0.0.202105311346/tools/bin/../lib/gcc/arm-none-eabi/9.3.1/../../../../arm-none-eabi/lib/thumb/v7-m/nofp\libc_nano.a(lib_a-nano-svfprintf.o)
 .rodata._printf_i.str1.1
                0x0000000008004907       0x22 d:/ung dung/stm32cubeide_1.7.0/stm32cubeide/plugins/com.st.stm32cube.ide.mcu.externaltools.gnu-tools-for-stm32.9-2020-q2-update.win32_2.0.0.202105311346/tools/bin/../lib/gcc/arm-none-eabi/9.3.1/../../../../arm-none-eabi/lib/thumb/v7-m/nofp\libc_nano.a(lib_a-nano-vfprintf_i.o)
                0x000000000800492c                . = ALIGN (0x4)
 *fill*         0x0000000008004929        0x3 

.rel.dyn        0x000000000800492c        0x0
 .rel.iplt      0x000000000800492c        0x0 d:/ung dung/stm32cubeide_1.7.0/stm32cubeide/plugins/com.st.stm32cube.ide.mcu.externaltools.gnu-tools-for-stm32.9-2020-q2-update.win32_2.0.0.202105311346/tools/bin/../lib/gcc/arm-none-eabi/9.3.1/thumb/v7-m/nofp/crtbegin.o

.ARM.extab      0x000000000800492c        0x0
                0x000000000800492c                . = ALIGN (0x4)
 *(.ARM.extab* .gnu.linkonce.armextab.*)
                0x000000000800492c                . = ALIGN (0x4)

.ARM            0x000000000800492c        0x0
                0x000000000800492c                . = ALIGN (0x4)
                0x000000000800492c                __exidx_start = .
 *(.ARM.exidx*)
                0x000000000800492c                __exidx_end = .
                0x000000000800492c                . = ALIGN (0x4)

.preinit_array  0x000000000800492c        0x0
                0x000000000800492c                . = ALIGN (0x4)
                0x000000000800492c                PROVIDE (__preinit_array_start = .)
 *(.preinit_array*)
                0x000000000800492c                PROVIDE (__preinit_array_end = .)
                0x000000000800492c                . = ALIGN (0x4)

.init_array     0x000000000800492c        0x4
                0x000000000800492c                . = ALIGN (0x4)
                0x000000000800492c                PROVIDE (__init_array_start = .)
 *(SORT_BY_NAME(.init_array.*))
 *(.init_array*)
 .init_array    0x000000000800492c        0x4 d:/ung dung/stm32cubeide_1.7.0/stm32cubeide/plugins/com.st.stm32cube.ide.mcu.externaltools.gnu-tools-for-stm32.9-2020-q2-update.win32_2.0.0.202105311346/tools/bin/../lib/gcc/arm-none-eabi/9.3.1/thumb/v7-m/nofp/crtbegin.o
                0x0000000008004930                PROVIDE (__init_array_end = .)
                0x0000000008004930                . = ALIGN (0x4)

.fini_array     0x0000000008004930        0x4
                0x0000000008004930                . = ALIGN (0x4)
                [!provide]                        PROVIDE (__fini_array_start = .)
 *(SORT_BY_NAME(.fini_array.*))
 *(.fini_array*)
 .fini_array    0x0000000008004930        0x4 d:/ung dung/stm32cubeide_1.7.0/stm32cubeide/plugins/com.st.stm32cube.ide.mcu.externaltools.gnu-tools-for-stm32.9-2020-q2-update.win32_2.0.0.202105311346/tools/bin/../lib/gcc/arm-none-eabi/9.3.1/thumb/v7-m/nofp/crtbegin.o
                [!provide]                        PROVIDE (__fini_array_end = .)
                0x0000000008004934                . = ALIGN (0x4)
                0x0000000008004934                _sidata = LOADADDR (.data)

.data           0x0000000020000000       0x74 load address 0x0000000008004934
                0x0000000020000000                . = ALIGN (0x4)
                0x0000000020000000                _sdata = .
 *(.data)
 *(.data*)
 .data.status_uart
                0x0000000020000000        0x4 ./Core/Src/global.o
                0x0000000020000000                status_uart
 .data.SystemCoreClock
                0x0000000020000004        0x4 ./Core/Src/system_stm32f1xx.o
                0x0000000020000004                SystemCoreClock
 .data.uwTickPrio
                0x0000000020000008        0x4 ./Drivers/STM32F1xx_HAL_Driver/Src/stm32f1xx_hal.o
                0x0000000020000008                uwTickPrio
 .data.uwTickFreq
                0x000000002000000c        0x1 ./Drivers/STM32F1xx_HAL_Driver/Src/stm32f1xx_hal.o
                0x000000002000000c                uwTickFreq
 *fill*         0x000000002000000d        0x3 
 .data._impure_ptr
                0x0000000020000010        0x4 d:/ung dung/stm32cubeide_1.7.0/stm32cubeide/plugins/com.st.stm32cube.ide.mcu.externaltools.gnu-tools-for-stm32.9-2020-q2-update.win32_2.0.0.202105311346/tools/bin/../lib/gcc/arm-none-eabi/9.3.1/../../../../arm-none-eabi/lib/thumb/v7-m/nofp\libc_nano.a(lib_a-impure.o)
                0x0000000020000010                _impure_ptr
 .data.impure_data
                0x0000000020000014       0x60 d:/ung dung/stm32cubeide_1.7.0/stm32cubeide/plugins/com.st.stm32cube.ide.mcu.externaltools.gnu-tools-for-stm32.9-2020-q2-update.win32_2.0.0.202105311346/tools/bin/../lib/gcc/arm-none-eabi/9.3.1/../../../../arm-none-eabi/lib/thumb/v7-m/nofp\libc_nano.a(lib_a-impure.o)
 *(.RamFunc)
 *(.RamFunc*)
                0x0000000020000074                . = ALIGN (0x4)
                0x0000000020000074                _edata = .

.igot.plt       0x0000000020000074        0x0 load address 0x00000000080049a8
 .igot.plt      0x0000000020000074        0x0 d:/ung dung/stm32cubeide_1.7.0/stm32cubeide/plugins/com.st.stm32cube.ide.mcu.externaltools.gnu-tools-for-stm32.9-2020-q2-update.win32_2.0.0.202105311346/tools/bin/../lib/gcc/arm-none-eabi/9.3.1/thumb/v7-m/nofp/crtbegin.o
                0x0000000020000074                . = ALIGN (0x4)

.bss            0x0000000020000074      0x194 load address 0x00000000080049a8
                0x0000000020000074                _sbss = .
                0x0000000020000074                __bss_start__ = _sbss
 *(.bss)
 .bss           0x0000000020000074       0x1c d:/ung dung/stm32cubeide_1.7.0/stm32cubeide/plugins/com.st.stm32cube.ide.mcu.externaltools.gnu-tools-for-stm32.9-2020-q2-update.win32_2.0.0.202105311346/tools/bin/../lib/gcc/arm-none-eabi/9.3.1/thumb/v7-m/nofp/crtbegin.o
 *(.bss*)
 .bss.status_parser
                0x0000000020000090        0x4 ./Core/Src/global.o
                0x0000000020000090                status_parser
 .bss.temp      0x0000000020000094        0x1 ./Core/Src/global.o
                0x0000000020000094                temp
 .bss.index_buffer
                0x0000000020000095        0x1 ./Core/Src/global.o
                0x0000000020000095                index_buffer
 .bss.buffer_flag
                0x0000000020000096        0x1 ./Core/Src/global.o
                0x0000000020000096                buffer_flag
 .bss.command_index
                0x0000000020000097        0x1 ./Core/Src/global.o
                0x0000000020000097                command_index
 .bss.command_flag
                0x0000000020000098        0x1 ./Core/Src/global.o
                0x0000000020000098                command_flag
 *fill*         0x0000000020000099        0x3 
 .bss.ADC_value
                0x000000002000009c        0x4 ./Core/Src/global.o
                0x000000002000009c                ADC_value
 .bss.timer_counter
                0x00000000200000a0        0x8 ./Core/Src/software_timer.o
                0x00000000200000a0                timer_counter
 .bss.timer_flag
                0x00000000200000a8        0x8 ./Core/Src/software_timer.o
                0x00000000200000a8                timer_flag
 .bss.__sbrk_heap_end
                0x00000000200000b0        0x4 ./Core/Src/sysmem.o
 .bss.__malloc_free_list
                0x00000000200000b4        0x4 d:/ung dung/stm32cubeide_1.7.0/stm32cubeide/plugins/com.st.stm32cube.ide.mcu.externaltools.gnu-tools-for-stm32.9-2020-q2-update.win32_2.0.0.202105311346/tools/bin/../lib/gcc/arm-none-eabi/9.3.1/../../../../arm-none-eabi/lib/thumb/v7-m/nofp\libc_nano.a(lib_a-nano-mallocr.o)
                0x00000000200000b4                __malloc_free_list
 .bss.__malloc_sbrk_start
                0x00000000200000b8        0x4 d:/ung dung/stm32cubeide_1.7.0/stm32cubeide/plugins/com.st.stm32cube.ide.mcu.externaltools.gnu-tools-for-stm32.9-2020-q2-update.win32_2.0.0.202105311346/tools/bin/../lib/gcc/arm-none-eabi/9.3.1/../../../../arm-none-eabi/lib/thumb/v7-m/nofp\libc_nano.a(lib_a-nano-mallocr.o)
                0x00000000200000b8                __malloc_sbrk_start
 *(COMMON)
 COMMON         0x00000000200000bc       0x72 ./Core/Src/global.o
                0x00000000200000bc                command
                0x00000000200000dc                buffer
                0x00000000200000fc                str
 *fill*         0x000000002000012e        0x2 
 COMMON         0x0000000020000130       0xc0 ./Core/Src/main.o
                0x0000000020000130                hadc1
                0x0000000020000160                htim2
                0x00000000200001a8                huart2
 COMMON         0x00000000200001f0        0x4 ./Core/Src/software_timer.o
                0x00000000200001f0                TIME_CYCLE
 COMMON         0x00000000200001f4        0x4 ./Drivers/STM32F1xx_HAL_Driver/Src/stm32f1xx_hal.o
                0x00000000200001f4                uwTick
 COMMON         0x00000000200001f8        0x4 d:/ung dung/stm32cubeide_1.7.0/stm32cubeide/plugins/com.st.stm32cube.ide.mcu.externaltools.gnu-tools-for-stm32.9-2020-q2-update.win32_2.0.0.202105311346/tools/bin/../lib/gcc/arm-none-eabi/9.3.1/../../../../arm-none-eabi/lib/thumb/v7-m/nofp\libc_nano.a(lib_a-reent.o)
                0x00000000200001f8                errno
 COMMON         0x00000000200001fc        0x9 d:/ung dung/stm32cubeide_1.7.0/stm32cubeide/plugins/com.st.stm32cube.ide.mcu.externaltools.gnu-tools-for-stm32.9-2020-q2-update.win32_2.0.0.202105311346/tools/bin/../lib/gcc/arm-none-eabi/9.3.1/../../../../arm-none-eabi/lib/thumb/v7-m/nofp\libc_nano.a(lib_a-lock.o)
                0x00000000200001fc                __lock___atexit_recursive_mutex
                0x00000000200001fd                __lock___arc4random_mutex
                0x00000000200001fe                __lock___env_recursive_mutex
                0x00000000200001ff                __lock___sinit_recursive_mutex
                0x0000000020000200                __lock___malloc_recursive_mutex
                0x0000000020000201                __lock___at_quick_exit_mutex
                0x0000000020000202                __lock___dd_hash_mutex
                0x0000000020000203                __lock___tz_mutex
                0x0000000020000204                __lock___sfp_recursive_mutex
                0x0000000020000208                . = ALIGN (0x4)
 *fill*         0x0000000020000205        0x3 
                0x0000000020000208                _ebss = .
                0x0000000020000208                __bss_end__ = _ebss

._user_heap_stack
                0x0000000020000208      0x600 load address 0x00000000080049a8
                0x0000000020000208                . = ALIGN (0x8)
                [!provide]                        PROVIDE (end = .)
                0x0000000020000208                PROVIDE (_end = .)
                0x0000000020000408                . = (. + _Min_Heap_Size)
 *fill*         0x0000000020000208      0x200 
                0x0000000020000808                . = (. + _Min_Stack_Size)
 *fill*         0x0000000020000408      0x400 
                0x0000000020000808                . = ALIGN (0x8)

/DISCARD/
 libc.a(*)
 libm.a(*)
 libgcc.a(*)

.ARM.attributes
                0x0000000000000000       0x29
 *(.ARM.attributes)
 .ARM.attributes
                0x0000000000000000       0x1d d:/ung dung/stm32cubeide_1.7.0/stm32cubeide/plugins/com.st.stm32cube.ide.mcu.externaltools.gnu-tools-for-stm32.9-2020-q2-update.win32_2.0.0.202105311346/tools/bin/../lib/gcc/arm-none-eabi/9.3.1/thumb/v7-m/nofp/crti.o
 .ARM.attributes
                0x000000000000001d       0x2d d:/ung dung/stm32cubeide_1.7.0/stm32cubeide/plugins/com.st.stm32cube.ide.mcu.externaltools.gnu-tools-for-stm32.9-2020-q2-update.win32_2.0.0.202105311346/tools/bin/../lib/gcc/arm-none-eabi/9.3.1/thumb/v7-m/nofp/crtbegin.o
 .ARM.attributes
                0x000000000000004a       0x2d ./Core/Src/command_parser.o
 .ARM.attributes
                0x0000000000000077       0x33 ./Core/Src/global.o
 .ARM.attributes
                0x00000000000000aa       0x2d ./Core/Src/main.o
 .ARM.attributes
                0x00000000000000d7       0x2d ./Core/Src/software_timer.o
 .ARM.attributes
                0x0000000000000104       0x2d ./Core/Src/stm32f1xx_hal_msp.o
 .ARM.attributes
                0x0000000000000131       0x2d ./Core/Src/stm32f1xx_it.o
 .ARM.attributes
                0x000000000000015e       0x2d ./Core/Src/sysmem.o
 .ARM.attributes
                0x000000000000018b       0x2d ./Core/Src/system_stm32f1xx.o
 .ARM.attributes
                0x00000000000001b8       0x2d ./Core/Src/uart_communication.o
 .ARM.attributes
                0x00000000000001e5       0x21 ./Core/Startup/startup_stm32f103c6ux.o
 .ARM.attributes
                0x0000000000000206       0x2d ./Drivers/STM32F1xx_HAL_Driver/Src/stm32f1xx_hal.o
 .ARM.attributes
                0x0000000000000233       0x2d ./Drivers/STM32F1xx_HAL_Driver/Src/stm32f1xx_hal_adc.o
 .ARM.attributes
                0x0000000000000260       0x2d ./Drivers/STM32F1xx_HAL_Driver/Src/stm32f1xx_hal_cortex.o
 .ARM.attributes
                0x000000000000028d       0x2d ./Drivers/STM32F1xx_HAL_Driver/Src/stm32f1xx_hal_dma.o
 .ARM.attributes
                0x00000000000002ba       0x2d ./Drivers/STM32F1xx_HAL_Driver/Src/stm32f1xx_hal_gpio.o
 .ARM.attributes
                0x00000000000002e7       0x2d ./Drivers/STM32F1xx_HAL_Driver/Src/stm32f1xx_hal_rcc.o
 .ARM.attributes
                0x0000000000000314       0x2d ./Drivers/STM32F1xx_HAL_Driver/Src/stm32f1xx_hal_rcc_ex.o
 .ARM.attributes
                0x0000000000000341       0x2d ./Drivers/STM32F1xx_HAL_Driver/Src/stm32f1xx_hal_tim.o
 .ARM.attributes
                0x000000000000036e       0x2d ./Drivers/STM32F1xx_HAL_Driver/Src/stm32f1xx_hal_tim_ex.o
 .ARM.attributes
                0x000000000000039b       0x2d ./Drivers/STM32F1xx_HAL_Driver/Src/stm32f1xx_hal_uart.o
 .ARM.attributes
                0x00000000000003c8       0x2d d:/ung dung/stm32cubeide_1.7.0/stm32cubeide/plugins/com.st.stm32cube.ide.mcu.externaltools.gnu-tools-for-stm32.9-2020-q2-update.win32_2.0.0.202105311346/tools/bin/../lib/gcc/arm-none-eabi/9.3.1/../../../../arm-none-eabi/lib/thumb/v7-m/nofp\libc_nano.a(lib_a-errno.o)
 .ARM.attributes
                0x00000000000003f5       0x2d d:/ung dung/stm32cubeide_1.7.0/stm32cubeide/plugins/com.st.stm32cube.ide.mcu.externaltools.gnu-tools-for-stm32.9-2020-q2-update.win32_2.0.0.202105311346/tools/bin/../lib/gcc/arm-none-eabi/9.3.1/../../../../arm-none-eabi/lib/thumb/v7-m/nofp\libc_nano.a(lib_a-impure.o)
 .ARM.attributes
                0x0000000000000422       0x2d d:/ung dung/stm32cubeide_1.7.0/stm32cubeide/plugins/com.st.stm32cube.ide.mcu.externaltools.gnu-tools-for-stm32.9-2020-q2-update.win32_2.0.0.202105311346/tools/bin/../lib/gcc/arm-none-eabi/9.3.1/../../../../arm-none-eabi/lib/thumb/v7-m/nofp\libc_nano.a(lib_a-init.o)
 .ARM.attributes
                0x000000000000044f       0x2d d:/ung dung/stm32cubeide_1.7.0/stm32cubeide/plugins/com.st.stm32cube.ide.mcu.externaltools.gnu-tools-for-stm32.9-2020-q2-update.win32_2.0.0.202105311346/tools/bin/../lib/gcc/arm-none-eabi/9.3.1/../../../../arm-none-eabi/lib/thumb/v7-m/nofp\libc_nano.a(lib_a-memcpy-stub.o)
 .ARM.attributes
                0x000000000000047c       0x2d d:/ung dung/stm32cubeide_1.7.0/stm32cubeide/plugins/com.st.stm32cube.ide.mcu.externaltools.gnu-tools-for-stm32.9-2020-q2-update.win32_2.0.0.202105311346/tools/bin/../lib/gcc/arm-none-eabi/9.3.1/../../../../arm-none-eabi/lib/thumb/v7-m/nofp\libc_nano.a(lib_a-memset.o)
 .ARM.attributes
                0x00000000000004a9       0x2d d:/ung dung/stm32cubeide_1.7.0/stm32cubeide/plugins/com.st.stm32cube.ide.mcu.externaltools.gnu-tools-for-stm32.9-2020-q2-update.win32_2.0.0.202105311346/tools/bin/../lib/gcc/arm-none-eabi/9.3.1/../../../../arm-none-eabi/lib/thumb/v7-m/nofp\libc_nano.a(lib_a-sprintf.o)
 .ARM.attributes
                0x00000000000004d6       0x1b d:/ung dung/stm32cubeide_1.7.0/stm32cubeide/plugins/com.st.stm32cube.ide.mcu.externaltools.gnu-tools-for-stm32.9-2020-q2-update.win32_2.0.0.202105311346/tools/bin/../lib/gcc/arm-none-eabi/9.3.1/../../../../arm-none-eabi/lib/thumb/v7-m/nofp\libc_nano.a(lib_a-strcmp.o)
 .ARM.attributes
                0x00000000000004f1       0x2d d:/ung dung/stm32cubeide_1.7.0/stm32cubeide/plugins/com.st.stm32cube.ide.mcu.externaltools.gnu-tools-for-stm32.9-2020-q2-update.win32_2.0.0.202105311346/tools/bin/../lib/gcc/arm-none-eabi/9.3.1/../../../../arm-none-eabi/lib/thumb/v7-m/nofp\libc_nano.a(lib_a-nano-svfprintf.o)
 .ARM.attributes
                0x000000000000051e       0x2d d:/ung dung/stm32cubeide_1.7.0/stm32cubeide/plugins/com.st.stm32cube.ide.mcu.externaltools.gnu-tools-for-stm32.9-2020-q2-update.win32_2.0.0.202105311346/tools/bin/../lib/gcc/arm-none-eabi/9.3.1/../../../../arm-none-eabi/lib/thumb/v7-m/nofp\libc_nano.a(lib_a-nano-vfprintf_i.o)
 .ARM.attributes
                0x000000000000054b       0x2d d:/ung dung/stm32cubeide_1.7.0/stm32cubeide/plugins/com.st.stm32cube.ide.mcu.externaltools.gnu-tools-for-stm32.9-2020-q2-update.win32_2.0.0.202105311346/tools/bin/../lib/gcc/arm-none-eabi/9.3.1/../../../../arm-none-eabi/lib/thumb/v7-m/nofp\libc_nano.a(lib_a-memchr-stub.o)
 .ARM.attributes
                0x0000000000000578       0x2d d:/ung dung/stm32cubeide_1.7.0/stm32cubeide/plugins/com.st.stm32cube.ide.mcu.externaltools.gnu-tools-for-stm32.9-2020-q2-update.win32_2.0.0.202105311346/tools/bin/../lib/gcc/arm-none-eabi/9.3.1/../../../../arm-none-eabi/lib/thumb/v7-m/nofp\libc_nano.a(lib_a-memmove.o)
 .ARM.attributes
                0x00000000000005a5       0x2d d:/ung dung/stm32cubeide_1.7.0/stm32cubeide/plugins/com.st.stm32cube.ide.mcu.externaltools.gnu-tools-for-stm32.9-2020-q2-update.win32_2.0.0.202105311346/tools/bin/../lib/gcc/arm-none-eabi/9.3.1/../../../../arm-none-eabi/lib/thumb/v7-m/nofp\libc_nano.a(lib_a-nano-freer.o)
 .ARM.attributes
                0x00000000000005d2       0x2d d:/ung dung/stm32cubeide_1.7.0/stm32cubeide/plugins/com.st.stm32cube.ide.mcu.externaltools.gnu-tools-for-stm32.9-2020-q2-update.win32_2.0.0.202105311346/tools/bin/../lib/gcc/arm-none-eabi/9.3.1/../../../../arm-none-eabi/lib/thumb/v7-m/nofp\libc_nano.a(lib_a-nano-mallocr.o)
 .ARM.attributes
                0x00000000000005ff       0x2d d:/ung dung/stm32cubeide_1.7.0/stm32cubeide/plugins/com.st.stm32cube.ide.mcu.externaltools.gnu-tools-for-stm32.9-2020-q2-update.win32_2.0.0.202105311346/tools/bin/../lib/gcc/arm-none-eabi/9.3.1/../../../../arm-none-eabi/lib/thumb/v7-m/nofp\libc_nano.a(lib_a-nano-reallocr.o)
 .ARM.attributes
                0x000000000000062c       0x2d d:/ung dung/stm32cubeide_1.7.0/stm32cubeide/plugins/com.st.stm32cube.ide.mcu.externaltools.gnu-tools-for-stm32.9-2020-q2-update.win32_2.0.0.202105311346/tools/bin/../lib/gcc/arm-none-eabi/9.3.1/../../../../arm-none-eabi/lib/thumb/v7-m/nofp\libc_nano.a(lib_a-sbrkr.o)
 .ARM.attributes
                0x0000000000000659       0x2d d:/ung dung/stm32cubeide_1.7.0/stm32cubeide/plugins/com.st.stm32cube.ide.mcu.externaltools.gnu-tools-for-stm32.9-2020-q2-update.win32_2.0.0.202105311346/tools/bin/../lib/gcc/arm-none-eabi/9.3.1/../../../../arm-none-eabi/lib/thumb/v7-m/nofp\libc_nano.a(lib_a-mlock.o)
 .ARM.attributes
                0x0000000000000686       0x2d d:/ung dung/stm32cubeide_1.7.0/stm32cubeide/plugins/com.st.stm32cube.ide.mcu.externaltools.gnu-tools-for-stm32.9-2020-q2-update.win32_2.0.0.202105311346/tools/bin/../lib/gcc/arm-none-eabi/9.3.1/../../../../arm-none-eabi/lib/thumb/v7-m/nofp\libc_nano.a(lib_a-nano-msizer.o)
 .ARM.attributes
                0x00000000000006b3       0x2d d:/ung dung/stm32cubeide_1.7.0/stm32cubeide/plugins/com.st.stm32cube.ide.mcu.externaltools.gnu-tools-for-stm32.9-2020-q2-update.win32_2.0.0.202105311346/tools/bin/../lib/gcc/arm-none-eabi/9.3.1/../../../../arm-none-eabi/lib/thumb/v7-m/nofp\libc_nano.a(lib_a-reent.o)
 .ARM.attributes
                0x00000000000006e0       0x2d d:/ung dung/stm32cubeide_1.7.0/stm32cubeide/plugins/com.st.stm32cube.ide.mcu.externaltools.gnu-tools-for-stm32.9-2020-q2-update.win32_2.0.0.202105311346/tools/bin/../lib/gcc/arm-none-eabi/9.3.1/../../../../arm-none-eabi/lib/thumb/v7-m/nofp\libc_nano.a(lib_a-lock.o)
 .ARM.attributes
                0x000000000000070d       0x1d d:/ung dung/stm32cubeide_1.7.0/stm32cubeide/plugins/com.st.stm32cube.ide.mcu.externaltools.gnu-tools-for-stm32.9-2020-q2-update.win32_2.0.0.202105311346/tools/bin/../lib/gcc/arm-none-eabi/9.3.1/thumb/v7-m/nofp\libgcc.a(_arm_addsubdf3.o)
 .ARM.attributes
                0x000000000000072a       0x1d d:/ung dung/stm32cubeide_1.7.0/stm32cubeide/plugins/com.st.stm32cube.ide.mcu.externaltools.gnu-tools-for-stm32.9-2020-q2-update.win32_2.0.0.202105311346/tools/bin/../lib/gcc/arm-none-eabi/9.3.1/thumb/v7-m/nofp\libgcc.a(_arm_muldivdf3.o)
 .ARM.attributes
                0x0000000000000747       0x1d d:/ung dung/stm32cubeide_1.7.0/stm32cubeide/plugins/com.st.stm32cube.ide.mcu.externaltools.gnu-tools-for-stm32.9-2020-q2-update.win32_2.0.0.202105311346/tools/bin/../lib/gcc/arm-none-eabi/9.3.1/thumb/v7-m/nofp\libgcc.a(_arm_fixdfsi.o)
 .ARM.attributes
                0x0000000000000764       0x1d d:/ung dung/stm32cubeide_1.7.0/stm32cubeide/plugins/com.st.stm32cube.ide.mcu.externaltools.gnu-tools-for-stm32.9-2020-q2-update.win32_2.0.0.202105311346/tools/bin/../lib/gcc/arm-none-eabi/9.3.1/thumb/v7-m/nofp/crtn.o
OUTPUT(LAB5.elf elf32-littlearm)
LOAD linker stubs
LOAD d:/ung dung/stm32cubeide_1.7.0/stm32cubeide/plugins/com.st.stm32cube.ide.mcu.externaltools.gnu-tools-for-stm32.9-2020-q2-update.win32_2.0.0.202105311346/tools/bin/../lib/gcc/arm-none-eabi/9.3.1/../../../../arm-none-eabi/lib/thumb/v7-m/nofp\libc.a
LOAD d:/ung dung/stm32cubeide_1.7.0/stm32cubeide/plugins/com.st.stm32cube.ide.mcu.externaltools.gnu-tools-for-stm32.9-2020-q2-update.win32_2.0.0.202105311346/tools/bin/../lib/gcc/arm-none-eabi/9.3.1/../../../../arm-none-eabi/lib/thumb/v7-m/nofp\libm.a
LOAD d:/ung dung/stm32cubeide_1.7.0/stm32cubeide/plugins/com.st.stm32cube.ide.mcu.externaltools.gnu-tools-for-stm32.9-2020-q2-update.win32_2.0.0.202105311346/tools/bin/../lib/gcc/arm-none-eabi/9.3.1/thumb/v7-m/nofp\libgcc.a

.debug_info     0x0000000000000000    0x11407
 .debug_info    0x0000000000000000      0xb47 ./Core/Src/command_parser.o
 .debug_info    0x0000000000000b47      0x2bd ./Core/Src/global.o
 .debug_info    0x0000000000000e04     0x1acf ./Core/Src/main.o
 .debug_info    0x00000000000028d3      0x113 ./Core/Src/software_timer.o
 .debug_info    0x00000000000029e6     0x108d ./Core/Src/stm32f1xx_hal_msp.o
 .debug_info    0x0000000000003a73      0xa4b ./Core/Src/stm32f1xx_it.o
 .debug_info    0x00000000000044be      0xa25 ./Core/Src/sysmem.o
 .debug_info    0x0000000000004ee3      0x2be ./Core/Src/system_stm32f1xx.o
 .debug_info    0x00000000000051a1     0x122b ./Core/Src/uart_communication.o
 .debug_info    0x00000000000063cc       0x22 ./Core/Startup/startup_stm32f103c6ux.o
 .debug_info    0x00000000000063ee      0x74c ./Drivers/STM32F1xx_HAL_Driver/Src/stm32f1xx_hal.o
 .debug_info    0x0000000000006b3a      0xd52 ./Drivers/STM32F1xx_HAL_Driver/Src/stm32f1xx_hal_adc.o
 .debug_info    0x000000000000788c      0xbbe ./Drivers/STM32F1xx_HAL_Driver/Src/stm32f1xx_hal_cortex.o
 .debug_info    0x000000000000844a      0x823 ./Drivers/STM32F1xx_HAL_Driver/Src/stm32f1xx_hal_dma.o
 .debug_info    0x0000000000008c6d      0x701 ./Drivers/STM32F1xx_HAL_Driver/Src/stm32f1xx_hal_gpio.o
 .debug_info    0x000000000000936e      0x893 ./Drivers/STM32F1xx_HAL_Driver/Src/stm32f1xx_hal_rcc.o
 .debug_info    0x0000000000009c01      0x486 ./Drivers/STM32F1xx_HAL_Driver/Src/stm32f1xx_hal_rcc_ex.o
 .debug_info    0x000000000000a087     0x2c12 ./Drivers/STM32F1xx_HAL_Driver/Src/stm32f1xx_hal_tim.o
 .debug_info    0x000000000000cc99     0x157f ./Drivers/STM32F1xx_HAL_Driver/Src/stm32f1xx_hal_tim_ex.o
 .debug_info    0x000000000000e218     0x31ef ./Drivers/STM32F1xx_HAL_Driver/Src/stm32f1xx_hal_uart.o

.debug_abbrev   0x0000000000000000     0x25e4
 .debug_abbrev  0x0000000000000000      0x1e6 ./Core/Src/command_parser.o
 .debug_abbrev  0x00000000000001e6       0xbc ./Core/Src/global.o
 .debug_abbrev  0x00000000000002a2      0x32e ./Core/Src/main.o
 .debug_abbrev  0x00000000000005d0       0xef ./Core/Src/software_timer.o
 .debug_abbrev  0x00000000000006bf      0x1c8 ./Core/Src/stm32f1xx_hal_msp.o
 .debug_abbrev  0x0000000000000887      0x176 ./Core/Src/stm32f1xx_it.o
 .debug_abbrev  0x00000000000009fd      0x1bf ./Core/Src/sysmem.o
 .debug_abbrev  0x0000000000000bbc      0x14e ./Core/Src/system_stm32f1xx.o
 .debug_abbrev  0x0000000000000d0a      0x208 ./Core/Src/uart_communication.o
 .debug_abbrev  0x0000000000000f12       0x12 ./Core/Startup/startup_stm32f103c6ux.o
 .debug_abbrev  0x0000000000000f24      0x1ed ./Drivers/STM32F1xx_HAL_Driver/Src/stm32f1xx_hal.o
 .debug_abbrev  0x0000000000001111      0x1fb ./Drivers/STM32F1xx_HAL_Driver/Src/stm32f1xx_hal_adc.o
 .debug_abbrev  0x000000000000130c      0x313 ./Drivers/STM32F1xx_HAL_Driver/Src/stm32f1xx_hal_cortex.o
 .debug_abbrev  0x000000000000161f      0x228 ./Drivers/STM32F1xx_HAL_Driver/Src/stm32f1xx_hal_dma.o
 .debug_abbrev  0x0000000000001847      0x1e8 ./Drivers/STM32F1xx_HAL_Driver/Src/stm32f1xx_hal_gpio.o
 .debug_abbrev  0x0000000000001a2f      0x273 ./Drivers/STM32F1xx_HAL_Driver/Src/stm32f1xx_hal_rcc.o
 .debug_abbrev  0x0000000000001ca2      0x193 ./Drivers/STM32F1xx_HAL_Driver/Src/stm32f1xx_hal_rcc_ex.o
 .debug_abbrev  0x0000000000001e35      0x25e ./Drivers/STM32F1xx_HAL_Driver/Src/stm32f1xx_hal_tim.o
 .debug_abbrev  0x0000000000002093      0x266 ./Drivers/STM32F1xx_HAL_Driver/Src/stm32f1xx_hal_tim_ex.o
 .debug_abbrev  0x00000000000022f9      0x2eb ./Drivers/STM32F1xx_HAL_Driver/Src/stm32f1xx_hal_uart.o

.debug_aranges  0x0000000000000000      0xdc0
 .debug_aranges
                0x0000000000000000       0x20 ./Core/Src/command_parser.o
 .debug_aranges
                0x0000000000000020       0x18 ./Core/Src/global.o
 .debug_aranges
                0x0000000000000038       0x60 ./Core/Src/main.o
 .debug_aranges
                0x0000000000000098       0x30 ./Core/Src/software_timer.o
 .debug_aranges
                0x00000000000000c8       0x50 ./Core/Src/stm32f1xx_hal_msp.o
 .debug_aranges
                0x0000000000000118       0x70 ./Core/Src/stm32f1xx_it.o
 .debug_aranges
                0x0000000000000188       0x20 ./Core/Src/sysmem.o
 .debug_aranges
                0x00000000000001a8       0x28 ./Core/Src/system_stm32f1xx.o
 .debug_aranges
                0x00000000000001d0       0x20 ./Core/Src/uart_communication.o
 .debug_aranges
                0x00000000000001f0       0x28 ./Core/Startup/startup_stm32f103c6ux.o
 .debug_aranges
                0x0000000000000218       0xe0 ./Drivers/STM32F1xx_HAL_Driver/Src/stm32f1xx_hal.o
 .debug_aranges
                0x00000000000002f8       0xf0 ./Drivers/STM32F1xx_HAL_Driver/Src/stm32f1xx_hal_adc.o
 .debug_aranges
                0x00000000000003e8      0x100 ./Drivers/STM32F1xx_HAL_Driver/Src/stm32f1xx_hal_cortex.o
 .debug_aranges
                0x00000000000004e8       0x80 ./Drivers/STM32F1xx_HAL_Driver/Src/stm32f1xx_hal_dma.o
 .debug_aranges
                0x0000000000000568       0x58 ./Drivers/STM32F1xx_HAL_Driver/Src/stm32f1xx_hal_gpio.o
 .debug_aranges
                0x00000000000005c0       0x90 ./Drivers/STM32F1xx_HAL_Driver/Src/stm32f1xx_hal_rcc.o
 .debug_aranges
                0x0000000000000650       0x30 ./Drivers/STM32F1xx_HAL_Driver/Src/stm32f1xx_hal_rcc_ex.o
 .debug_aranges
                0x0000000000000680      0x3d0 ./Drivers/STM32F1xx_HAL_Driver/Src/stm32f1xx_hal_tim.o
 .debug_aranges
                0x0000000000000a50      0x168 ./Drivers/STM32F1xx_HAL_Driver/Src/stm32f1xx_hal_tim_ex.o
 .debug_aranges
                0x0000000000000bb8      0x208 ./Drivers/STM32F1xx_HAL_Driver/Src/stm32f1xx_hal_uart.o

.debug_ranges   0x0000000000000000      0xcb0
 .debug_ranges  0x0000000000000000       0x10 ./Core/Src/command_parser.o
 .debug_ranges  0x0000000000000010       0x50 ./Core/Src/main.o
 .debug_ranges  0x0000000000000060       0x20 ./Core/Src/software_timer.o
 .debug_ranges  0x0000000000000080       0x40 ./Core/Src/stm32f1xx_hal_msp.o
 .debug_ranges  0x00000000000000c0       0x60 ./Core/Src/stm32f1xx_it.o
 .debug_ranges  0x0000000000000120       0x10 ./Core/Src/sysmem.o
 .debug_ranges  0x0000000000000130       0x18 ./Core/Src/system_stm32f1xx.o
 .debug_ranges  0x0000000000000148       0x10 ./Core/Src/uart_communication.o
 .debug_ranges  0x0000000000000158       0x20 ./Core/Startup/startup_stm32f103c6ux.o
 .debug_ranges  0x0000000000000178       0xd0 ./Drivers/STM32F1xx_HAL_Driver/Src/stm32f1xx_hal.o
 .debug_ranges  0x0000000000000248       0xe0 ./Drivers/STM32F1xx_HAL_Driver/Src/stm32f1xx_hal_adc.o
 .debug_ranges  0x0000000000000328       0xf0 ./Drivers/STM32F1xx_HAL_Driver/Src/stm32f1xx_hal_cortex.o
 .debug_ranges  0x0000000000000418       0x70 ./Drivers/STM32F1xx_HAL_Driver/Src/stm32f1xx_hal_dma.o
 .debug_ranges  0x0000000000000488       0x48 ./Drivers/STM32F1xx_HAL_Driver/Src/stm32f1xx_hal_gpio.o
 .debug_ranges  0x00000000000004d0       0x80 ./Drivers/STM32F1xx_HAL_Driver/Src/stm32f1xx_hal_rcc.o
 .debug_ranges  0x0000000000000550       0x20 ./Drivers/STM32F1xx_HAL_Driver/Src/stm32f1xx_hal_rcc_ex.o
 .debug_ranges  0x0000000000000570      0x3c0 ./Drivers/STM32F1xx_HAL_Driver/Src/stm32f1xx_hal_tim.o
 .debug_ranges  0x0000000000000930      0x158 ./Drivers/STM32F1xx_HAL_Driver/Src/stm32f1xx_hal_tim_ex.o
 .debug_ranges  0x0000000000000a88      0x228 ./Drivers/STM32F1xx_HAL_Driver/Src/stm32f1xx_hal_uart.o

.debug_macro    0x0000000000000000    0x18ed6
 .debug_macro   0x0000000000000000      0x3b6 ./Core/Src/command_parser.o
 .debug_macro   0x00000000000003b6      0xa9c ./Core/Src/command_parser.o
 .debug_macro   0x0000000000000e52      0x221 ./Core/Src/command_parser.o
 .debug_macro   0x0000000000001073       0x2e ./Core/Src/command_parser.o
 .debug_macro   0x00000000000010a1       0x22 ./Core/Src/command_parser.o
 .debug_macro   0x00000000000010c3       0x22 ./Core/Src/command_parser.o
 .debug_macro   0x00000000000010e5       0x8e ./Core/Src/command_parser.o
 .debug_macro   0x0000000000001173       0x51 ./Core/Src/command_parser.o
 .debug_macro   0x00000000000011c4      0x103 ./Core/Src/command_parser.o
 .debug_macro   0x00000000000012c7       0x6a ./Core/Src/command_parser.o
 .debug_macro   0x0000000000001331      0x1df ./Core/Src/command_parser.o
 .debug_macro   0x0000000000001510       0x1c ./Core/Src/command_parser.o
 .debug_macro   0x000000000000152c       0x22 ./Core/Src/command_parser.o
 .debug_macro   0x000000000000154e       0xc3 ./Core/Src/command_parser.o
 .debug_macro   0x0000000000001611      0xd23 ./Core/Src/command_parser.o
 .debug_macro   0x0000000000002334     0xde75 ./Core/Src/command_parser.o
 .debug_macro   0x00000000000101a9       0x6d ./Core/Src/command_parser.o
 .debug_macro   0x0000000000010216     0x348d ./Core/Src/command_parser.o
 .debug_macro   0x00000000000136a3      0x174 ./Core/Src/command_parser.o
 .debug_macro   0x0000000000013817       0x5c ./Core/Src/command_parser.o
 .debug_macro   0x0000000000013873      0x5bc ./Core/Src/command_parser.o
 .debug_macro   0x0000000000013e2f      0x1b7 ./Core/Src/command_parser.o
 .debug_macro   0x0000000000013fe6      0x1cb ./Core/Src/command_parser.o
 .debug_macro   0x00000000000141b1      0x114 ./Core/Src/command_parser.o
 .debug_macro   0x00000000000142c5      0x1b2 ./Core/Src/command_parser.o
 .debug_macro   0x0000000000014477       0x27 ./Core/Src/command_parser.o
 .debug_macro   0x000000000001449e      0x12f ./Core/Src/command_parser.o
 .debug_macro   0x00000000000145cd      0x1bc ./Core/Src/command_parser.o
 .debug_macro   0x0000000000014789       0x34 ./Core/Src/command_parser.o
 .debug_macro   0x00000000000147bd       0x3c ./Core/Src/command_parser.o
 .debug_macro   0x00000000000147f9       0x57 ./Core/Src/command_parser.o
 .debug_macro   0x0000000000014850      0x46a ./Core/Src/command_parser.o
 .debug_macro   0x0000000000014cba      0x1b5 ./Core/Src/command_parser.o
 .debug_macro   0x0000000000014e6f       0x87 ./Core/Src/command_parser.o
 .debug_macro   0x0000000000014ef6      0x183 ./Core/Src/command_parser.o
 .debug_macro   0x0000000000015079      0x140 ./Core/Src/command_parser.o
 .debug_macro   0x00000000000151b9      0x8ed ./Core/Src/command_parser.o
 .debug_macro   0x0000000000015aa6      0x28e ./Core/Src/command_parser.o
 .debug_macro   0x0000000000015d34       0x69 ./Core/Src/command_parser.o
 .debug_macro   0x0000000000015d9d       0x10 ./Core/Src/command_parser.o
 .debug_macro   0x0000000000015dad       0x10 ./Core/Src/command_parser.o
 .debug_macro   0x0000000000015dbd       0x52 ./Core/Src/command_parser.o
 .debug_macro   0x0000000000015e0f       0x18 ./Core/Src/command_parser.o
 .debug_macro   0x0000000000015e27       0x3c ./Core/Src/command_parser.o
 .debug_macro   0x0000000000015e63       0x34 ./Core/Src/command_parser.o
 .debug_macro   0x0000000000015e97       0x16 ./Core/Src/command_parser.o
 .debug_macro   0x0000000000015ead       0x43 ./Core/Src/command_parser.o
 .debug_macro   0x0000000000015ef0       0x34 ./Core/Src/command_parser.o
 .debug_macro   0x0000000000015f24       0x10 ./Core/Src/command_parser.o
 .debug_macro   0x0000000000015f34       0x58 ./Core/Src/command_parser.o
 .debug_macro   0x0000000000015f8c       0x71 ./Core/Src/command_parser.o
 .debug_macro   0x0000000000015ffd       0x1c ./Core/Src/command_parser.o
 .debug_macro   0x0000000000016019      0x12a ./Core/Src/command_parser.o
 .debug_macro   0x0000000000016143      0x333 ./Core/Src/command_parser.o
 .debug_macro   0x0000000000016476       0x10 ./Core/Src/command_parser.o
 .debug_macro   0x0000000000016486       0x35 ./Core/Src/command_parser.o
 .debug_macro   0x00000000000164bb       0x20 ./Core/Src/command_parser.o
 .debug_macro   0x00000000000164db       0x1c ./Core/Src/command_parser.o
 .debug_macro   0x00000000000164f7       0x10 ./Core/Src/command_parser.o
 .debug_macro   0x0000000000016507       0x10 ./Core/Src/command_parser.o
 .debug_macro   0x0000000000016517       0x1c ./Core/Src/command_parser.o
 .debug_macro   0x0000000000016533       0x52 ./Core/Src/command_parser.o
 .debug_macro   0x0000000000016585       0x22 ./Core/Src/command_parser.o
 .debug_macro   0x00000000000165a7       0x10 ./Core/Src/command_parser.o
 .debug_macro   0x00000000000165b7       0x40 ./Core/Src/command_parser.o
 .debug_macro   0x00000000000165f7       0xd5 ./Core/Src/command_parser.o
 .debug_macro   0x00000000000166cc       0x1c ./Core/Src/command_parser.o
 .debug_macro   0x00000000000166e8       0x3d ./Core/Src/command_parser.o
 .debug_macro   0x0000000000016725       0x16 ./Core/Src/command_parser.o
 .debug_macro   0x000000000001673b      0x145 ./Core/Src/command_parser.o
 .debug_macro   0x0000000000016880       0x16 ./Core/Src/command_parser.o
 .debug_macro   0x0000000000016896       0x16 ./Core/Src/command_parser.o
 .debug_macro   0x00000000000168ac       0x29 ./Core/Src/command_parser.o
 .debug_macro   0x00000000000168d5      0x1a9 ./Core/Src/command_parser.o
 .debug_macro   0x0000000000016a7e       0x2e ./Core/Src/command_parser.o
 .debug_macro   0x0000000000016aac      0x1d3 ./Core/Src/global.o
 .debug_macro   0x0000000000016c7f       0x28 ./Core/Src/global.o
 .debug_macro   0x0000000000016ca7      0x3d6 ./Core/Src/main.o
 .debug_macro   0x000000000001707d       0x1a ./Core/Src/software_timer.o
 .debug_macro   0x0000000000017097      0x1c4 ./Core/Src/stm32f1xx_hal_msp.o
 .debug_macro   0x000000000001725b      0x1ce ./Core/Src/stm32f1xx_it.o
 .debug_macro   0x0000000000017429       0xff ./Core/Src/sysmem.o
 .debug_macro   0x0000000000017528      0x23b ./Core/Src/sysmem.o
 .debug_macro   0x0000000000017763      0x1b5 ./Core/Src/system_stm32f1xx.o
 .debug_macro   0x0000000000017918      0x3c0 ./Core/Src/uart_communication.o
 .debug_macro   0x0000000000017cd8       0x16 ./Core/Src/uart_communication.o
 .debug_macro   0x0000000000017cee       0x16 ./Core/Src/uart_communication.o
 .debug_macro   0x0000000000017d04      0x1d9 ./Drivers/STM32F1xx_HAL_Driver/Src/stm32f1xx_hal.o
 .debug_macro   0x0000000000017edd      0x1d2 ./Drivers/STM32F1xx_HAL_Driver/Src/stm32f1xx_hal_adc.o
 .debug_macro   0x00000000000180af      0x1b5 ./Drivers/STM32F1xx_HAL_Driver/Src/stm32f1xx_hal_cortex.o
 .debug_macro   0x0000000000018264      0x1b5 ./Drivers/STM32F1xx_HAL_Driver/Src/stm32f1xx_hal_dma.o
 .debug_macro   0x0000000000018419      0x220 ./Drivers/STM32F1xx_HAL_Driver/Src/stm32f1xx_hal_gpio.o
 .debug_macro   0x0000000000018639      0x1c7 ./Drivers/STM32F1xx_HAL_Driver/Src/stm32f1xx_hal_rcc.o
 .debug_macro   0x0000000000018800      0x1b5 ./Drivers/STM32F1xx_HAL_Driver/Src/stm32f1xx_hal_rcc_ex.o
 .debug_macro   0x00000000000189b5      0x1b6 ./Drivers/STM32F1xx_HAL_Driver/Src/stm32f1xx_hal_tim.o
 .debug_macro   0x0000000000018b6b      0x1b5 ./Drivers/STM32F1xx_HAL_Driver/Src/stm32f1xx_hal_tim_ex.o
 .debug_macro   0x0000000000018d20      0x1b6 ./Drivers/STM32F1xx_HAL_Driver/Src/stm32f1xx_hal_uart.o

.debug_line     0x0000000000000000    0x109ec
 .debug_line    0x0000000000000000      0x98e ./Core/Src/command_parser.o
 .debug_line    0x000000000000098e      0x6ae ./Core/Src/global.o
 .debug_line    0x000000000000103c      0xb50 ./Core/Src/main.o
 .debug_line    0x0000000000001b8c       0xd1 ./Core/Src/software_timer.o
 .debug_line    0x0000000000001c5d      0x79e ./Core/Src/stm32f1xx_hal_msp.o
 .debug_line    0x00000000000023fb      0x7b8 ./Core/Src/stm32f1xx_it.o
 .debug_line    0x0000000000002bb3      0x516 ./Core/Src/sysmem.o
 .debug_line    0x00000000000030c9      0x744 ./Core/Src/system_stm32f1xx.o
 .debug_line    0x000000000000380d      0x9c6 ./Core/Src/uart_communication.o
 .debug_line    0x00000000000041d3       0x86 ./Core/Startup/startup_stm32f103c6ux.o
 .debug_line    0x0000000000004259      0x971 ./Drivers/STM32F1xx_HAL_Driver/Src/stm32f1xx_hal.o
 .debug_line    0x0000000000004bca      0xff6 ./Drivers/STM32F1xx_HAL_Driver/Src/stm32f1xx_hal_adc.o
 .debug_line    0x0000000000005bc0      0xb59 ./Drivers/STM32F1xx_HAL_Driver/Src/stm32f1xx_hal_cortex.o
 .debug_line    0x0000000000006719      0xdca ./Drivers/STM32F1xx_HAL_Driver/Src/stm32f1xx_hal_dma.o
 .debug_line    0x00000000000074e3      0x9f4 ./Drivers/STM32F1xx_HAL_Driver/Src/stm32f1xx_hal_gpio.o
 .debug_line    0x0000000000007ed7      0xd7d ./Drivers/STM32F1xx_HAL_Driver/Src/stm32f1xx_hal_rcc.o
 .debug_line    0x0000000000008c54      0x8b8 ./Drivers/STM32F1xx_HAL_Driver/Src/stm32f1xx_hal_rcc_ex.o
 .debug_line    0x000000000000950c     0x33a7 ./Drivers/STM32F1xx_HAL_Driver/Src/stm32f1xx_hal_tim.o
 .debug_line    0x000000000000c8b3     0x1897 ./Drivers/STM32F1xx_HAL_Driver/Src/stm32f1xx_hal_tim_ex.o
 .debug_line    0x000000000000e14a     0x28a2 ./Drivers/STM32F1xx_HAL_Driver/Src/stm32f1xx_hal_uart.o

.debug_str      0x0000000000000000    0x8e3b3
 .debug_str     0x0000000000000000    0x8a46e ./Core/Src/command_parser.o
                                      0x8a886 (size before relaxing)
 .debug_str     0x000000000008a46e       0x15 ./Core/Src/global.o
                                      0x85da0 (size before relaxing)
 .debug_str     0x000000000008a483      0xafb ./Core/Src/main.o
                                      0x8b460 (size before relaxing)
 .debug_str     0x000000000008af7e       0x51 ./Core/Src/software_timer.o
                                       0x2df8 (size before relaxing)
 .debug_str     0x000000000008afcf      0x305 ./Core/Src/stm32f1xx_hal_msp.o
                                      0x868bb (size before relaxing)
 .debug_str     0x000000000008b2d4       0xdf ./Core/Src/stm32f1xx_it.o
                                      0x86475 (size before relaxing)
 .debug_str     0x000000000008b3b3      0x4e9 ./Core/Src/sysmem.o
                                       0x6256 (size before relaxing)
 .debug_str     0x000000000008b89c       0x52 ./Core/Src/system_stm32f1xx.o
                                      0x85d22 (size before relaxing)
 .debug_str     0x000000000008b8ee       0x37 ./Core/Src/uart_communication.o
                                      0x8adca (size before relaxing)
 .debug_str     0x000000000008b925       0x36 ./Core/Startup/startup_stm32f103c6ux.o
                                         0x6a (size before relaxing)
 .debug_str     0x000000000008b95b      0x304 ./Drivers/STM32F1xx_HAL_Driver/Src/stm32f1xx_hal.o
                                      0x86379 (size before relaxing)
 .debug_str     0x000000000008bc5f      0x354 ./Drivers/STM32F1xx_HAL_Driver/Src/stm32f1xx_hal_adc.o
                                      0x863b9 (size before relaxing)
 .debug_str     0x000000000008bfb3      0x300 ./Drivers/STM32F1xx_HAL_Driver/Src/stm32f1xx_hal_cortex.o
                                      0x86381 (size before relaxing)
 .debug_str     0x000000000008c2b3      0x230 ./Drivers/STM32F1xx_HAL_Driver/Src/stm32f1xx_hal_dma.o
                                      0x860fd (size before relaxing)
 .debug_str     0x000000000008c4e3      0x31f ./Drivers/STM32F1xx_HAL_Driver/Src/stm32f1xx_hal_gpio.o
                                      0x860e6 (size before relaxing)
 .debug_str     0x000000000008c802      0x24f ./Drivers/STM32F1xx_HAL_Driver/Src/stm32f1xx_hal_rcc.o
                                      0x8611f (size before relaxing)
 .debug_str     0x000000000008ca51       0xb9 ./Drivers/STM32F1xx_HAL_Driver/Src/stm32f1xx_hal_rcc_ex.o
                                      0x85eac (size before relaxing)
 .debug_str     0x000000000008cb0a      0xdb5 ./Drivers/STM32F1xx_HAL_Driver/Src/stm32f1xx_hal_tim.o
                                      0x870f8 (size before relaxing)
 .debug_str     0x000000000008d8bf      0x4ee ./Drivers/STM32F1xx_HAL_Driver/Src/stm32f1xx_hal_tim_ex.o
                                      0x868a9 (size before relaxing)
 .debug_str     0x000000000008ddad      0x606 ./Drivers/STM32F1xx_HAL_Driver/Src/stm32f1xx_hal_uart.o
                                      0x86777 (size before relaxing)

.comment        0x0000000000000000       0x53
 .comment       0x0000000000000000       0x53 ./Core/Src/command_parser.o
                                         0x54 (size before relaxing)
 .comment       0x0000000000000053       0x54 ./Core/Src/global.o
 .comment       0x0000000000000053       0x54 ./Core/Src/main.o
 .comment       0x0000000000000053       0x54 ./Core/Src/software_timer.o
 .comment       0x0000000000000053       0x54 ./Core/Src/stm32f1xx_hal_msp.o
 .comment       0x0000000000000053       0x54 ./Core/Src/stm32f1xx_it.o
 .comment       0x0000000000000053       0x54 ./Core/Src/sysmem.o
 .comment       0x0000000000000053       0x54 ./Core/Src/system_stm32f1xx.o
 .comment       0x0000000000000053       0x54 ./Core/Src/uart_communication.o
 .comment       0x0000000000000053       0x54 ./Drivers/STM32F1xx_HAL_Driver/Src/stm32f1xx_hal.o
 .comment       0x0000000000000053       0x54 ./Drivers/STM32F1xx_HAL_Driver/Src/stm32f1xx_hal_adc.o
 .comment       0x0000000000000053       0x54 ./Drivers/STM32F1xx_HAL_Driver/Src/stm32f1xx_hal_cortex.o
 .comment       0x0000000000000053       0x54 ./Drivers/STM32F1xx_HAL_Driver/Src/stm32f1xx_hal_dma.o
 .comment       0x0000000000000053       0x54 ./Drivers/STM32F1xx_HAL_Driver/Src/stm32f1xx_hal_gpio.o
 .comment       0x0000000000000053       0x54 ./Drivers/STM32F1xx_HAL_Driver/Src/stm32f1xx_hal_rcc.o
 .comment       0x0000000000000053       0x54 ./Drivers/STM32F1xx_HAL_Driver/Src/stm32f1xx_hal_rcc_ex.o
 .comment       0x0000000000000053       0x54 ./Drivers/STM32F1xx_HAL_Driver/Src/stm32f1xx_hal_tim.o
 .comment       0x0000000000000053       0x54 ./Drivers/STM32F1xx_HAL_Driver/Src/stm32f1xx_hal_tim_ex.o
 .comment       0x0000000000000053       0x54 ./Drivers/STM32F1xx_HAL_Driver/Src/stm32f1xx_hal_uart.o

.debug_frame    0x0000000000000000     0x3d48
 .debug_frame   0x0000000000000000       0x30 ./Core/Src/command_parser.o
 .debug_frame   0x0000000000000030      0x148 ./Core/Src/main.o
 .debug_frame   0x0000000000000178       0x88 ./Core/Src/software_timer.o
 .debug_frame   0x0000000000000200      0x110 ./Core/Src/stm32f1xx_hal_msp.o
 .debug_frame   0x0000000000000310      0x13c ./Core/Src/stm32f1xx_it.o
 .debug_frame   0x000000000000044c       0x34 ./Core/Src/sysmem.o
 .debug_frame   0x0000000000000480       0x58 ./Core/Src/system_stm32f1xx.o
 .debug_frame   0x00000000000004d8       0x3c ./Core/Src/uart_communication.o
 .debug_frame   0x0000000000000514      0x334 ./Drivers/STM32F1xx_HAL_Driver/Src/stm32f1xx_hal.o
 .debug_frame   0x0000000000000848      0x40c ./Drivers/STM32F1xx_HAL_Driver/Src/stm32f1xx_hal_adc.o
 .debug_frame   0x0000000000000c54      0x428 ./Drivers/STM32F1xx_HAL_Driver/Src/stm32f1xx_hal_cortex.o
 .debug_frame   0x000000000000107c      0x208 ./Drivers/STM32F1xx_HAL_Driver/Src/stm32f1xx_hal_dma.o
 .debug_frame   0x0000000000001284      0x14c ./Drivers/STM32F1xx_HAL_Driver/Src/stm32f1xx_hal_gpio.o
 .debug_frame   0x00000000000013d0      0x218 ./Drivers/STM32F1xx_HAL_Driver/Src/stm32f1xx_hal_rcc.o
 .debug_frame   0x00000000000015e8       0x80 ./Drivers/STM32F1xx_HAL_Driver/Src/stm32f1xx_hal_rcc_ex.o
 .debug_frame   0x0000000000001668     0x11b8 ./Drivers/STM32F1xx_HAL_Driver/Src/stm32f1xx_hal_tim.o
 .debug_frame   0x0000000000002820      0x638 ./Drivers/STM32F1xx_HAL_Driver/Src/stm32f1xx_hal_tim_ex.o
 .debug_frame   0x0000000000002e58      0x944 ./Drivers/STM32F1xx_HAL_Driver/Src/stm32f1xx_hal_uart.o
 .debug_frame   0x000000000000379c       0x20 d:/ung dung/stm32cubeide_1.7.0/stm32cubeide/plugins/com.st.stm32cube.ide.mcu.externaltools.gnu-tools-for-stm32.9-2020-q2-update.win32_2.0.0.202105311346/tools/bin/../lib/gcc/arm-none-eabi/9.3.1/../../../../arm-none-eabi/lib/thumb/v7-m/nofp\libc_nano.a(lib_a-errno.o)
 .debug_frame   0x00000000000037bc       0x2c d:/ung dung/stm32cubeide_1.7.0/stm32cubeide/plugins/com.st.stm32cube.ide.mcu.externaltools.gnu-tools-for-stm32.9-2020-q2-update.win32_2.0.0.202105311346/tools/bin/../lib/gcc/arm-none-eabi/9.3.1/../../../../arm-none-eabi/lib/thumb/v7-m/nofp\libc_nano.a(lib_a-init.o)
 .debug_frame   0x00000000000037e8       0x28 d:/ung dung/stm32cubeide_1.7.0/stm32cubeide/plugins/com.st.stm32cube.ide.mcu.externaltools.gnu-tools-for-stm32.9-2020-q2-update.win32_2.0.0.202105311346/tools/bin/../lib/gcc/arm-none-eabi/9.3.1/../../../../arm-none-eabi/lib/thumb/v7-m/nofp\libc_nano.a(lib_a-memcpy-stub.o)
 .debug_frame   0x0000000000003810       0x20 d:/ung dung/stm32cubeide_1.7.0/stm32cubeide/plugins/com.st.stm32cube.ide.mcu.externaltools.gnu-tools-for-stm32.9-2020-q2-update.win32_2.0.0.202105311346/tools/bin/../lib/gcc/arm-none-eabi/9.3.1/../../../../arm-none-eabi/lib/thumb/v7-m/nofp\libc_nano.a(lib_a-memset.o)
 .debug_frame   0x0000000000003830       0x6c d:/ung dung/stm32cubeide_1.7.0/stm32cubeide/plugins/com.st.stm32cube.ide.mcu.externaltools.gnu-tools-for-stm32.9-2020-q2-update.win32_2.0.0.202105311346/tools/bin/../lib/gcc/arm-none-eabi/9.3.1/../../../../arm-none-eabi/lib/thumb/v7-m/nofp\libc_nano.a(lib_a-sprintf.o)
 .debug_frame   0x000000000000389c       0x20 d:/ung dung/stm32cubeide_1.7.0/stm32cubeide/plugins/com.st.stm32cube.ide.mcu.externaltools.gnu-tools-for-stm32.9-2020-q2-update.win32_2.0.0.202105311346/tools/bin/../lib/gcc/arm-none-eabi/9.3.1/../../../../arm-none-eabi/lib/thumb/v7-m/nofp\libc_nano.a(lib_a-strcmp.o)
 .debug_frame   0x00000000000038bc       0x90 d:/ung dung/stm32cubeide_1.7.0/stm32cubeide/plugins/com.st.stm32cube.ide.mcu.externaltools.gnu-tools-for-stm32.9-2020-q2-update.win32_2.0.0.202105311346/tools/bin/../lib/gcc/arm-none-eabi/9.3.1/../../../../arm-none-eabi/lib/thumb/v7-m/nofp\libc_nano.a(lib_a-nano-svfprintf.o)
 .debug_frame   0x000000000000394c       0x60 d:/ung dung/stm32cubeide_1.7.0/stm32cubeide/plugins/com.st.stm32cube.ide.mcu.externaltools.gnu-tools-for-stm32.9-2020-q2-update.win32_2.0.0.202105311346/tools/bin/../lib/gcc/arm-none-eabi/9.3.1/../../../../arm-none-eabi/lib/thumb/v7-m/nofp\libc_nano.a(lib_a-nano-vfprintf_i.o)
 .debug_frame   0x00000000000039ac       0x28 d:/ung dung/stm32cubeide_1.7.0/stm32cubeide/plugins/com.st.stm32cube.ide.mcu.externaltools.gnu-tools-for-stm32.9-2020-q2-update.win32_2.0.0.202105311346/tools/bin/../lib/gcc/arm-none-eabi/9.3.1/../../../../arm-none-eabi/lib/thumb/v7-m/nofp\libc_nano.a(lib_a-memchr-stub.o)
 .debug_frame   0x00000000000039d4       0x28 d:/ung dung/stm32cubeide_1.7.0/stm32cubeide/plugins/com.st.stm32cube.ide.mcu.externaltools.gnu-tools-for-stm32.9-2020-q2-update.win32_2.0.0.202105311346/tools/bin/../lib/gcc/arm-none-eabi/9.3.1/../../../../arm-none-eabi/lib/thumb/v7-m/nofp\libc_nano.a(lib_a-memmove.o)
 .debug_frame   0x00000000000039fc       0x38 d:/ung dung/stm32cubeide_1.7.0/stm32cubeide/plugins/com.st.stm32cube.ide.mcu.externaltools.gnu-tools-for-stm32.9-2020-q2-update.win32_2.0.0.202105311346/tools/bin/../lib/gcc/arm-none-eabi/9.3.1/../../../../arm-none-eabi/lib/thumb/v7-m/nofp\libc_nano.a(lib_a-nano-freer.o)
 .debug_frame   0x0000000000003a34       0x30 d:/ung dung/stm32cubeide_1.7.0/stm32cubeide/plugins/com.st.stm32cube.ide.mcu.externaltools.gnu-tools-for-stm32.9-2020-q2-update.win32_2.0.0.202105311346/tools/bin/../lib/gcc/arm-none-eabi/9.3.1/../../../../arm-none-eabi/lib/thumb/v7-m/nofp\libc_nano.a(lib_a-nano-mallocr.o)
 .debug_frame   0x0000000000003a64       0x3c d:/ung dung/stm32cubeide_1.7.0/stm32cubeide/plugins/com.st.stm32cube.ide.mcu.externaltools.gnu-tools-for-stm32.9-2020-q2-update.win32_2.0.0.202105311346/tools/bin/../lib/gcc/arm-none-eabi/9.3.1/../../../../arm-none-eabi/lib/thumb/v7-m/nofp\libc_nano.a(lib_a-nano-reallocr.o)
 .debug_frame   0x0000000000003aa0       0x2c d:/ung dung/stm32cubeide_1.7.0/stm32cubeide/plugins/com.st.stm32cube.ide.mcu.externaltools.gnu-tools-for-stm32.9-2020-q2-update.win32_2.0.0.202105311346/tools/bin/../lib/gcc/arm-none-eabi/9.3.1/../../../../arm-none-eabi/lib/thumb/v7-m/nofp\libc_nano.a(lib_a-sbrkr.o)
 .debug_frame   0x0000000000003acc       0x30 d:/ung dung/stm32cubeide_1.7.0/stm32cubeide/plugins/com.st.stm32cube.ide.mcu.externaltools.gnu-tools-for-stm32.9-2020-q2-update.win32_2.0.0.202105311346/tools/bin/../lib/gcc/arm-none-eabi/9.3.1/../../../../arm-none-eabi/lib/thumb/v7-m/nofp\libc_nano.a(lib_a-mlock.o)
 .debug_frame   0x0000000000003afc       0x20 d:/ung dung/stm32cubeide_1.7.0/stm32cubeide/plugins/com.st.stm32cube.ide.mcu.externaltools.gnu-tools-for-stm32.9-2020-q2-update.win32_2.0.0.202105311346/tools/bin/../lib/gcc/arm-none-eabi/9.3.1/../../../../arm-none-eabi/lib/thumb/v7-m/nofp\libc_nano.a(lib_a-nano-msizer.o)
 .debug_frame   0x0000000000003b1c       0x5c d:/ung dung/stm32cubeide_1.7.0/stm32cubeide/plugins/com.st.stm32cube.ide.mcu.externaltools.gnu-tools-for-stm32.9-2020-q2-update.win32_2.0.0.202105311346/tools/bin/../lib/gcc/arm-none-eabi/9.3.1/../../../../arm-none-eabi/lib/thumb/v7-m/nofp\libc_nano.a(lib_a-reent.o)
 .debug_frame   0x0000000000003b78       0xb0 d:/ung dung/stm32cubeide_1.7.0/stm32cubeide/plugins/com.st.stm32cube.ide.mcu.externaltools.gnu-tools-for-stm32.9-2020-q2-update.win32_2.0.0.202105311346/tools/bin/../lib/gcc/arm-none-eabi/9.3.1/../../../../arm-none-eabi/lib/thumb/v7-m/nofp\libc_nano.a(lib_a-lock.o)
 .debug_frame   0x0000000000003c28       0xac d:/ung dung/stm32cubeide_1.7.0/stm32cubeide/plugins/com.st.stm32cube.ide.mcu.externaltools.gnu-tools-for-stm32.9-2020-q2-update.win32_2.0.0.202105311346/tools/bin/../lib/gcc/arm-none-eabi/9.3.1/thumb/v7-m/nofp\libgcc.a(_arm_addsubdf3.o)
 .debug_frame   0x0000000000003cd4       0x50 d:/ung dung/stm32cubeide_1.7.0/stm32cubeide/plugins/com.st.stm32cube.ide.mcu.externaltools.gnu-tools-for-stm32.9-2020-q2-update.win32_2.0.0.202105311346/tools/bin/../lib/gcc/arm-none-eabi/9.3.1/thumb/v7-m/nofp\libgcc.a(_arm_muldivdf3.o)
 .debug_frame   0x0000000000003d24       0x24 d:/ung dung/stm32cubeide_1.7.0/stm32cubeide/plugins/com.st.stm32cube.ide.mcu.externaltools.gnu-tools-for-stm32.9-2020-q2-update.win32_2.0.0.202105311346/tools/bin/../lib/gcc/arm-none-eabi/9.3.1/thumb/v7-m/nofp\libgcc.a(_arm_fixdfsi.o)
